Jan  1 00:00:07 linaro-server rsyslogd: [origin software="rsyslogd" swVersion="7.4.4" x-pid="1017" x-info="http://www.rsyslog.com"] start
Jan  1 00:00:07 linaro-server kernel: [    0.000000] Booting Linux on physical CPU 0x0
Jan  1 00:00:07 linaro-server kernel: [    0.000000] Linux version 3.14.0-xilinx-dirty (root@ubuntu) (gcc version 4.9.1 (Sourcery CodeBench Lite 2014.11-30) ) #28 SMP PREEMPT Mon Dec 7 13:39:55 PST 2015
Jan  1 00:00:07 linaro-server kernel: [    0.000000] CPU: ARMv7 Processor [413fc090] revision 0 (ARMv7), cr=18c5387d
Jan  1 00:00:07 linaro-server kernel: [    0.000000] CPU: PIPT / VIPT nonaliasing data cache, VIPT aliasing instruction cache
Jan  1 00:00:07 linaro-server kernel: [    0.000000] Machine model: Xilinx Zynq
Jan  1 00:00:07 linaro-server kernel: [    0.000000] bootconsole [earlycon0] enabled
Jan  1 00:00:07 linaro-server kernel: [    0.000000] Memory policy: Data cache writealloc
Jan  1 00:00:07 linaro-server kernel: [    0.000000] On node 0 totalpages: 262144
Jan  1 00:00:07 linaro-server kernel: [    0.000000] free_area_init_node: node 0, pgdat c07f8c80, node_mem_map eeff8000
Jan  1 00:00:07 linaro-server kernel: [    0.000000]   Normal zone: 1520 pages used for memmap
Jan  1 00:00:07 linaro-server kernel: [    0.000000]   Normal zone: 0 pages reserved
Jan  1 00:00:07 linaro-server kernel: [    0.000000]   Normal zone: 194560 pages, LIFO batch:31
Jan  1 00:00:07 linaro-server kernel: [    0.000000]   HighMem zone: 528 pages used for memmap
Jan  1 00:00:07 linaro-server kernel: [    0.000000]   HighMem zone: 67584 pages, LIFO batch:15
Jan  1 00:00:07 linaro-server kernel: [    0.000000] PERCPU: Embedded 8 pages/cpu @eefd3000 s10752 r8192 d13824 u32768
Jan  1 00:00:07 linaro-server kernel: [    0.000000] pcpu-alloc: s10752 r8192 d13824 u32768 alloc=8*4096
Jan  1 00:00:07 linaro-server kernel: [    0.000000] pcpu-alloc: [0] 0 [0] 1 
Jan  1 00:00:07 linaro-server kernel: [    0.000000] Built 1 zonelists in Zone order, mobility grouping on.  Total pages: 260624
Jan  1 00:00:07 linaro-server kernel: [    0.000000] Kernel command line: console=ttyPS0,115200 root=/dev/mmcblk0p2 rw rootwait earlyprintk
Jan  1 00:00:07 linaro-server kernel: [    0.000000] PID hash table entries: 4096 (order: 2, 16384 bytes)
Jan  1 00:00:07 linaro-server kernel: [    0.000000] Dentry cache hash table entries: 131072 (order: 7, 524288 bytes)
Jan  1 00:00:07 linaro-server kernel: [    0.000000] Inode-cache hash table entries: 65536 (order: 6, 262144 bytes)
Jan  1 00:00:07 linaro-server kernel: [    0.000000] Memory: 1025844K/1048576K available (5670K kernel code, 348K rwdata, 1964K rodata, 206K init, 5340K bss, 22732K reserved, 270336K highmem)
Jan  1 00:00:07 linaro-server kernel: [    0.000000] Virtual kernel memory layout:
Jan  1 00:00:07 linaro-server kernel: [    0.000000]     vector  : 0xffff0000 - 0xffff1000   (   4 kB)
Jan  1 00:00:07 linaro-server kernel: [    0.000000]     fixmap  : 0xfff00000 - 0xfffe0000   ( 896 kB)
Jan  1 00:00:07 linaro-server kernel: [    0.000000]     vmalloc : 0xf0000000 - 0xff000000   ( 240 MB)
Jan  1 00:00:07 linaro-server kernel: [    0.000000]     lowmem  : 0xc0000000 - 0xef800000   ( 760 MB)
Jan  1 00:00:07 linaro-server kernel: [    0.000000]     pkmap   : 0xbfe00000 - 0xc0000000   (   2 MB)
Jan  1 00:00:07 linaro-server kernel: [    0.000000]     modules : 0xbf000000 - 0xbfe00000   (  14 MB)
Jan  1 00:00:07 linaro-server kernel: [    0.000000]       .text : 0xc0008000 - 0xc077cd3c   (7636 kB)
Jan  1 00:00:07 linaro-server kernel: [    0.000000]       .init : 0xc077d000 - 0xc07b0a00   ( 207 kB)
Jan  1 00:00:07 linaro-server kernel: [    0.000000]       .data : 0xc07b2000 - 0xc08092d0   ( 349 kB)
Jan  1 00:00:07 linaro-server kernel: [    0.000000]        .bss : 0xc08092dc - 0xc0d404a0   (5341 kB)
Jan  1 00:00:07 linaro-server kernel: [    0.000000] Preemptible hierarchical RCU implementation.
Jan  1 00:00:07 linaro-server kernel: [    0.000000] 	RCU lockdep checking is enabled.
Jan  1 00:00:07 linaro-server kernel: [    0.000000] 	Dump stacks of tasks blocking RCU-preempt GP.
Jan  1 00:00:07 linaro-server kernel: [    0.000000] 	RCU restricting CPUs from NR_CPUS=4 to nr_cpu_ids=2.
Jan  1 00:00:07 linaro-server kernel: [    0.000000] RCU: Adjusting geometry for rcu_fanout_leaf=16, nr_cpu_ids=2
Jan  1 00:00:07 linaro-server kernel: [    0.000000] NR_IRQS:16 nr_irqs:16 16
Jan  1 00:00:07 linaro-server kernel: [    0.000000] ps7-slcr mapped to f0004000
Jan  1 00:00:07 linaro-server kernel: [    0.000000] zynq_clock_init: clkc starts at f0004100
Jan  1 00:00:07 linaro-server kernel: [    0.000000] Zynq clock init
Jan  1 00:00:07 linaro-server kernel: [    0.000016] sched_clock: 64 bits at 333MHz, resolution 3ns, wraps every 3298534883328ns
Jan  1 00:00:07 linaro-server kernel: [    0.008511] ps7-ttc #0 at f0006000, irq=43
Jan  1 00:00:07 linaro-server kernel: [    0.013557] Console: colour dummy device 80x30
Jan  1 00:00:07 linaro-server kernel: [    0.017892] Lock dependency validator: Copyright (c) 2006 Red Hat, Inc., Ingo Molnar
Jan  1 00:00:07 linaro-server kernel: [    0.025958] ... MAX_LOCKDEP_SUBCLASSES:  8
Jan  1 00:00:07 linaro-server kernel: [    0.029984] ... MAX_LOCK_DEPTH:          48
Jan  1 00:00:07 linaro-server kernel: [    0.034153] ... MAX_LOCKDEP_KEYS:        8191
Jan  1 00:00:07 linaro-server kernel: [    0.038574] ... CLASSHASH_SIZE:          4096
Jan  1 00:00:07 linaro-server kernel: [    0.042925] ... MAX_LOCKDEP_ENTRIES:     16384
Jan  1 00:00:07 linaro-server kernel: [    0.047395] ... MAX_LOCKDEP_CHAINS:      32768
Jan  1 00:00:07 linaro-server kernel: [    0.051900] ... CHAINHASH_SIZE:          16384
Jan  1 00:00:07 linaro-server kernel: [    0.056340]  memory used by lock dependency info: 3695 kB
Jan  1 00:00:07 linaro-server kernel: [    0.061790]  per task-struct memory footprint: 1152 bytes
Jan  1 00:00:07 linaro-server kernel: [    0.067246] Calibrating delay loop... 1325.46 BogoMIPS (lpj=6627328)
Jan  1 00:00:07 linaro-server kernel: [    0.110953] pid_max: default: 32768 minimum: 301
Jan  1 00:00:07 linaro-server kernel: [    0.116307] Mount-cache hash table entries: 2048 (order: 1, 8192 bytes)
Jan  1 00:00:07 linaro-server kernel: [    0.122847] Mountpoint-cache hash table entries: 2048 (order: 1, 8192 bytes)
Jan  1 00:00:07 linaro-server kernel: [    0.138765] CPU: Testing write buffer coherency: ok
Jan  1 00:00:07 linaro-server kernel: [    0.145017] CPU0: thread -1, cpu 0, socket 0, mpidr 80000000
Jan  1 00:00:07 linaro-server kernel: [    0.150655] Setting up static identity map for 0x565510 - 0x565568
Jan  1 00:00:07 linaro-server kernel: [    0.157054] L310 cache controller enabled
Jan  1 00:00:07 linaro-server kernel: [    0.161004] l2x0: 8 ways, CACHE_ID 0x410000c8, AUX_CTRL 0x72760000, Cache size: 512 kB
Jan  1 00:00:07 linaro-server kernel: [    0.250416] CPU1: Booted secondary processor
Jan  1 00:00:07 linaro-server kernel: [    0.338275] CPU1: thread -1, cpu 1, socket 0, mpidr 80000001
Jan  1 00:00:07 linaro-server kernel: [    0.339268] Brought up 2 CPUs
Jan  1 00:00:07 linaro-server kernel: [    0.352134] SMP: Total of 2 processors activated.
Jan  1 00:00:07 linaro-server kernel: [    0.356835] CPU: All CPU(s) started in SVC mode.
Jan  1 00:00:07 linaro-server kernel: [    0.364920] devtmpfs: initialized
Jan  1 00:00:07 linaro-server kernel: [    0.375636] VFP support v0.3: implementor 41 architecture 3 part 30 variant 9 rev 4
Jan  1 00:00:07 linaro-server kernel: [    0.389896] regulator-dummy: no parameters
Jan  1 00:00:07 linaro-server kernel: [    0.396256] NET: Registered protocol family 16
Jan  1 00:00:07 linaro-server kernel: [    0.401866] DMA: preallocated 256 KiB pool for atomic coherent allocations
Jan  1 00:00:07 linaro-server kernel: [    0.415423] cpuidle: using governor ladder
Jan  1 00:00:07 linaro-server kernel: [    0.419467] cpuidle: using governor menu
Jan  1 00:00:07 linaro-server kernel: [    0.449865] syscon f8000000.ps7-slcr: regmap [mem 0xf8000000-0xf8000fff] registered
Jan  1 00:00:07 linaro-server kernel: [    0.463213] hw-breakpoint: found 5 (+1 reserved) breakpoint and 1 watchpoint registers.
Jan  1 00:00:07 linaro-server kernel: [    0.471546] hw-breakpoint: maximum watchpoint size is 4 bytes.
Jan  1 00:00:07 linaro-server kernel: [    0.477716] zynq-ocm f800c000.ps7-ocmc: ZYNQ OCM pool: 256 KiB @ 0xf0080000
Jan  1 00:00:07 linaro-server kernel: [    0.559284] bio: create slab <bio-0> at 0
Jan  1 00:00:07 linaro-server kernel: [    0.566774] wlan-en-regulator: 3300 mV 
Jan  1 00:00:07 linaro-server kernel: [    0.573715] vgaarb: loaded
Jan  1 00:00:07 linaro-server kernel: [    0.578286] SCSI subsystem initialized
Jan  1 00:00:07 linaro-server kernel: [    0.584442] usbcore: registered new interface driver usbfs
Jan  1 00:00:07 linaro-server kernel: [    0.590321] usbcore: registered new interface driver hub
Jan  1 00:00:07 linaro-server kernel: [    0.596076] usbcore: registered new device driver usb
Jan  1 00:00:07 linaro-server kernel: [    0.602552] media: Linux media interface: v0.10
Jan  1 00:00:07 linaro-server kernel: [    0.607374] Linux video capture interface: v2.00
Jan  1 00:00:07 linaro-server kernel: [    0.612704] pps_core: LinuxPPS API ver. 1 registered
Jan  1 00:00:07 linaro-server kernel: [    0.617543] pps_core: Software ver. 5.3.6 - Copyright 2005-2007 Rodolfo Giometti <giometti@linux.it>
Jan  1 00:00:07 linaro-server kernel: [    0.627097] PTP clock support registered
Jan  1 00:00:07 linaro-server kernel: [    0.631978] EDAC MC: Ver: 3.0.0
Jan  1 00:00:07 linaro-server kernel: [    0.641941] Bluetooth: Core ver 2.18
Jan  1 00:00:07 linaro-server kernel: [    0.645801] NET: Registered protocol family 31
Jan  1 00:00:07 linaro-server kernel: [    0.650190] Bluetooth: HCI device and connection manager initialized
Jan  1 00:00:07 linaro-server kernel: [    0.656588] Bluetooth: HCI socket layer initialized
Jan  1 00:00:07 linaro-server kernel: [    0.661460] Bluetooth: L2CAP socket layer initialized
Jan  1 00:00:07 linaro-server kernel: [    0.666617] Bluetooth: SCO socket layer initialized
Jan  1 00:00:07 linaro-server kernel: [    0.673279] cfg80211: Calling CRDA to update world regulatory domain
Jan  1 00:00:07 linaro-server kernel: [    0.686299] DMA-API: preallocated 4096 debug entries
Jan  1 00:00:07 linaro-server kernel: [    0.691201] DMA-API: debugging enabled by kernel config
Jan  1 00:00:07 linaro-server kernel: [    0.697032] Switched to clocksource arm_global_timer
Jan  1 00:00:07 linaro-server kernel: [    0.759412] NET: Registered protocol family 2
Jan  1 00:00:07 linaro-server kernel: [    0.766005] TCP established hash table entries: 8192 (order: 3, 32768 bytes)
Jan  1 00:00:07 linaro-server kernel: [    0.773541] TCP bind hash table entries: 8192 (order: 6, 294912 bytes)
Jan  1 00:00:07 linaro-server kernel: [    0.783493] TCP: Hash tables configured (established 8192 bind 8192)
Jan  1 00:00:07 linaro-server kernel: [    0.790512] TCP: reno registered
Jan  1 00:00:07 linaro-server kernel: [    0.793650] UDP hash table entries: 512 (order: 3, 40960 bytes)
Jan  1 00:00:07 linaro-server kernel: [    0.800065] UDP-Lite hash table entries: 512 (order: 3, 40960 bytes)
Jan  1 00:00:07 linaro-server kernel: [    0.807917] NET: Registered protocol family 1
Jan  1 00:00:07 linaro-server kernel: [    0.813778] RPC: Registered named UNIX socket transport module.
Jan  1 00:00:07 linaro-server kernel: [    0.819630] RPC: Registered udp transport module.
Jan  1 00:00:07 linaro-server kernel: [    0.824288] RPC: Registered tcp transport module.
Jan  1 00:00:07 linaro-server kernel: [    0.829048] RPC: Registered tcp NFSv4.1 backchannel transport module.
Jan  1 00:00:07 linaro-server kernel: [    0.835473] PCI: CLS 0 bytes, default 64
Jan  1 00:00:07 linaro-server kernel: [    0.836827] hw perfevents: enabled with ARMv7 Cortex-A9 PMU driver, 7 counters available
Jan  1 00:00:07 linaro-server kernel: [    0.850804] futex hash table entries: 512 (order: 3, 32768 bytes)
Jan  1 00:00:07 linaro-server kernel: [    0.860752] bounce pool size: 64 pages
Jan  1 00:00:07 linaro-server kernel: [    0.868130] jffs2: version 2.2. (NAND) (SUMMARY)  © 2001-2006 Red Hat, Inc.
Jan  1 00:00:07 linaro-server kernel: [    0.875625] msgmni has been set to 1475
Jan  1 00:00:07 linaro-server kernel: [    0.882025] io scheduler noop registered
Jan  1 00:00:07 linaro-server kernel: [    0.885831] io scheduler deadline registered
Jan  1 00:00:07 linaro-server kernel: [    0.890298] io scheduler cfq registered (default)
Jan  1 00:00:07 linaro-server kernel: [    0.912704] dma-pl330 f8003000.ps7-dma: Loaded driver for PL330 DMAC-267056
Jan  1 00:00:07 linaro-server kernel: [    0.919652] dma-pl330 f8003000.ps7-dma: 	DBUFF-128x8bytes Num_Chans-8 Num_Peri-4 Num_Events-16
Jan  1 00:00:07 linaro-server kernel: [    0.931410] xuartps e0001000.serial: clock name 'aper_clk' is deprecated.
Jan  1 00:00:07 linaro-server kernel: [    0.938198] xuartps e0001000.serial: clock name 'ref_clk' is deprecated.
Jan  1 00:00:07 linaro-server kernel: [    0.945327] e0001000.serial: ttyPS0 at MMIO 0xe0001000 (irq = 82, base_baud = 3124999) is a xuartps
Jan  1 00:00:07 linaro-server kernel: [    0.954746] console [ttyPS0] enabled
Jan  1 00:00:07 linaro-server kernel: [    0.961875] bootconsole [earlycon0] disabled
Jan  1 00:00:07 linaro-server kernel: [    0.972632] xuartps e0000000.serial: clock name 'aper_clk' is deprecated.
Jan  1 00:00:07 linaro-server kernel: [    0.979438] xuartps e0000000.serial: clock name 'ref_clk' is deprecated.
Jan  1 00:00:07 linaro-server kernel: [    0.986199] e0000000.serial: ttyPS1 at MMIO 0xe0000000 (irq = 59, base_baud = 3124999) is a xuartps
Jan  1 00:00:07 linaro-server kernel: [    0.997166] xdevcfg f8007000.ps7-dev-cfg: ioremap 0xf8007000 to f0068000
Jan  1 00:00:07 linaro-server kernel: [    1.038385] brd: module loaded
Jan  1 00:00:07 linaro-server kernel: [    1.060586] loop: module loaded
Jan  1 00:00:07 linaro-server kernel: [    1.077135] m25p80 spi0.0: found s25fl128s1, expected n25q128
Jan  1 00:00:07 linaro-server kernel: [    1.082849] m25p80 spi0.0: s25fl128s1 (16384 Kbytes)
Jan  1 00:00:07 linaro-server kernel: [    1.088422] 5 ofpart partitions found on MTD device spi0.0
Jan  1 00:00:07 linaro-server kernel: [    1.093831] Creating 5 MTD partitions on "spi0.0":
Jan  1 00:00:07 linaro-server kernel: [    1.098933] 0x000000000000-0x000000100000 : "qspi-fsbl-uboot"
Jan  1 00:00:07 linaro-server kernel: [    1.112393] 0x000000100000-0x000000600000 : "qspi-linux"
Jan  1 00:00:07 linaro-server kernel: [    1.122588] 0x000000600000-0x000000620000 : "qspi-device-tree"
Jan  1 00:00:07 linaro-server kernel: [    1.133450] 0x000000620000-0x000000c00000 : "qspi-rootfs"
Jan  1 00:00:07 linaro-server kernel: [    1.143750] 0x000000c00000-0x000001000000 : "qspi-bitstream"
Jan  1 00:00:07 linaro-server kernel: [    1.163681] e1000e: Intel(R) PRO/1000 Network Driver - 2.3.2-k
Jan  1 00:00:07 linaro-server kernel: [    1.169521] e1000e: Copyright(c) 1999 - 2013 Intel Corporation.
Jan  1 00:00:07 linaro-server kernel: [    1.181358] libphy: XEMACPS mii bus: probed
Jan  1 00:00:07 linaro-server kernel: [    1.188141] xemacps e000b000.ps7-ethernet: pdev->id -1, baseaddr 0xe000b000, irq 54
Jan  1 00:00:07 linaro-server kernel: [    1.199550] ehci_hcd: USB 2.0 'Enhanced' Host Controller (EHCI) Driver
Jan  1 00:00:07 linaro-server kernel: [    1.206481] ehci-pci: EHCI PCI platform driver
Jan  1 00:00:07 linaro-server kernel: [    1.211757] ULPI transceiver vendor/product ID 0x0424/0x0007
Jan  1 00:00:07 linaro-server kernel: [    1.217402] Found SMSC USB3320 ULPI transceiver.
Jan  1 00:00:07 linaro-server kernel: [    1.221958] ULPI integrity check: passed.
Jan  1 00:00:07 linaro-server kernel: [    1.226819] zynq-ehci zynq-ehci.0: Xilinx Zynq USB EHCI Host Controller
Jan  1 00:00:07 linaro-server kernel: [    1.234420] zynq-ehci zynq-ehci.0: new USB bus registered, assigned bus number 1
Jan  1 00:00:07 linaro-server kernel: [    1.267031] zynq-ehci zynq-ehci.0: irq 53, io mem 0x00000000
Jan  1 00:00:07 linaro-server kernel: [    1.287010] zynq-ehci zynq-ehci.0: USB 2.0 started, EHCI 1.00
Jan  1 00:00:07 linaro-server kernel: [    1.299613] hub 1-0:1.0: USB hub found
Jan  1 00:00:07 linaro-server kernel: [    1.303598] hub 1-0:1.0: 1 port detected
Jan  1 00:00:07 linaro-server kernel: [    1.311635] usbcore: registered new interface driver usb-storage
Jan  1 00:00:07 linaro-server kernel: [    1.320502] mousedev: PS/2 mouse device common for all mice
Jan  1 00:00:07 linaro-server kernel: [    1.328157] i2c /dev entries driver
Jan  1 00:00:07 linaro-server kernel: [    1.341259] Bluetooth: HCI UART driver ver 2.2
Jan  1 00:00:07 linaro-server kernel: [    1.345632] Bluetooth: HCI H4 protocol initialized
Jan  1 00:00:07 linaro-server kernel: [    1.350468] Bluetooth: HCI BCSP protocol initialized
Jan  1 00:00:07 linaro-server kernel: [    1.355349] Bluetooth: HCILL protocol initialized
Jan  1 00:00:07 linaro-server kernel: [    1.360095] Bluetooth: HCIATH3K protocol initialized
Jan  1 00:00:07 linaro-server kernel: [    1.364984] Bluetooth: HCI Three-wire UART (H5) protocol initialized
Jan  1 00:00:07 linaro-server kernel: [    1.371544] zynq-edac f8006000.ps7-ddrc: ecc not enabled
Jan  1 00:00:07 linaro-server kernel: [    1.378026] cpufreq_cpu0: failed to get cpu0 regulator: -19
Jan  1 00:00:07 linaro-server kernel: [    1.386377] Xilinx Zynq CpuIdle Driver started
Jan  1 00:00:07 linaro-server kernel: [    1.392652] sdhci: Secure Digital Host Controller Interface driver
Jan  1 00:00:07 linaro-server kernel: [    1.398796] sdhci: Copyright(c) Pierre Ossman
Jan  1 00:00:07 linaro-server kernel: [    1.403089] sdhci-pltfm: SDHCI platform and OF driver helper
Jan  1 00:00:07 linaro-server kernel: [    1.409332] mmc0: no vqmmc regulator found
Jan  1 00:00:07 linaro-server kernel: [    1.413358] mmc0: no vmmc regulator found
Jan  1 00:00:07 linaro-server kernel: [    1.456959] mmc0: SDHCI controller on e0100000.ps7-sdio [e0100000.ps7-sdio] using ADMA
Jan  1 00:00:07 linaro-server kernel: [    1.469796] mmc1: no vqmmc regulator found
Jan  1 00:00:07 linaro-server kernel: [    1.517829] mmc0: new high speed SDHC card at address aaaa
Jan  1 00:00:07 linaro-server kernel: [    1.525914] mmcblk0: mmc0:aaaa SE16G 14.8 GiB 
Jan  1 00:00:07 linaro-server kernel: [    1.536195]  mmcblk0: p1 p2
Jan  1 00:00:07 linaro-server kernel: [    1.586924] mmc1: SDHCI controller on e0101000.ps7-sdio [e0101000.ps7-sdio] using ADMA
Jan  1 00:00:07 linaro-server kernel: [    1.597881] sdhci-arasan e0101000.ps7-sdio: card claims to support voltages below defined range
Jan  1 00:00:07 linaro-server kernel: [    1.599258] usbcore: registered new interface driver usbhid
Jan  1 00:00:07 linaro-server kernel: [    1.599262] usbhid: USB HID core driver
Jan  1 00:00:07 linaro-server kernel: [    1.616668] TCP: cubic registered
Jan  1 00:00:07 linaro-server kernel: [    1.620017] NET: Registered protocol family 17
Jan  1 00:00:07 linaro-server kernel: [    1.624771] Bluetooth: RFCOMM TTY layer initialized
Jan  1 00:00:07 linaro-server kernel: [    1.629736] Bluetooth: RFCOMM socket layer initialized
Jan  1 00:00:07 linaro-server kernel: [    1.634838] Bluetooth: RFCOMM ver 1.11
Jan  1 00:00:07 linaro-server kernel: [    1.638611] Bluetooth: BNEP (Ethernet Emulation) ver 1.3
Jan  1 00:00:07 linaro-server kernel: [    1.643862] Bluetooth: BNEP socket layer initialized
Jan  1 00:00:07 linaro-server kernel: [    1.648834] Bluetooth: HIDP (Human Interface Emulation) ver 1.2
Jan  1 00:00:07 linaro-server kernel: [    1.654710] Bluetooth: HIDP socket layer initialized
Jan  1 00:00:07 linaro-server kernel: [    1.659380] mmc1: queuing unknown CIS tuple 0x91 (3 bytes)
Jan  1 00:00:07 linaro-server kernel: [    1.665545] Registering SWP/SWPB emulation handler
Jan  1 00:00:07 linaro-server kernel: [    1.673035] regulator-dummy: disabling
Jan  1 00:00:07 linaro-server kernel: [    1.677586] drivers/rtc/hctosys.c: unable to open rtc device (rtc0)
Jan  1 00:00:07 linaro-server kernel: [    1.679408] mmc1: new SDIO card at address 0001
Jan  1 00:00:07 linaro-server kernel: [    1.694307] wl18xx_driver wl18xx.0.auto: Direct firmware load failed with error -2
Jan  1 00:00:07 linaro-server kernel: [    1.701986] wl18xx_driver wl18xx.0.auto: Falling back to user helper
Jan  1 00:00:07 linaro-server kernel: [    1.720124] EXT3-fs (mmcblk0p2): error: couldn't mount because of unsupported optional features (240)
Jan  1 00:00:07 linaro-server kernel: [    1.732162] EXT2-fs (mmcblk0p2): error: couldn't mount because of unsupported optional features (240)
Jan  1 00:00:07 linaro-server kernel: [    1.813693] EXT4-fs (mmcblk0p2): mounted filesystem with ordered data mode. Opts: (null)
Jan  1 00:00:07 linaro-server kernel: [    1.821898] VFS: Mounted root (ext4 filesystem) on device 179:2.
Jan  1 00:00:07 linaro-server kernel: [    1.831731] devtmpfs: mounted
Jan  1 00:00:07 linaro-server kernel: [    1.835142] Freeing unused kernel memory: 204K (c077d000 - c07b0000)
Jan  1 00:00:07 linaro-server kernel: [    2.288207] random: init urandom read with 30 bits of entropy available
Jan  1 00:00:07 linaro-server kernel: [    6.067209] wl18xx_driver wl18xx.0.auto: Direct firmware load failed with error -2
Jan  1 00:00:07 linaro-server kernel: [    6.067231] wl18xx_driver wl18xx.0.auto: Falling back to user helper
Jan  1 00:00:07 linaro-server kernel: [    6.137416] wlcore: ERROR could not get configuration binary ti-connectivity/wl18xx-conf.bin: -2
Jan  1 00:00:07 linaro-server kernel: [    6.146148] wlcore: WARNING falling back to default config
Jan  1 00:00:07 linaro-server kernel: [    6.460488] wlcore: wl18xx HW: 183x or 180x, PG 2.2 (ROM 0x11)
Jan  1 00:00:07 linaro-server kernel: [    6.527574] random: nonblocking pool is initialized
Jan  1 00:00:07 linaro-server kernel: [    6.636433] wlcore: loaded
Jan  1 00:00:07 linaro-server kernel: [    6.636526] wlcore: driver version: xilinx-v2014.2.01-dirty
Jan  1 00:00:07 linaro-server kernel: [    6.636540] wlcore: compilation time: timestamp not possible with gcc 4.9
Jan  1 00:00:07 linaro-server rsyslogd: rsyslogd's groupid changed to 110
Jan  1 00:00:07 linaro-server rsyslogd: rsyslogd's userid changed to 103
Jan  1 00:00:07 linaro-server rsyslogd-2039: Could no open output pipe '/dev/xconsole': No such file or directory [try http://www.rsyslog.com/e/2039 ]
Jan  1 00:00:09 linaro-server failsafe: Failsafe of 120 seconds reached.
Jan  1 00:00:10 linaro-server ntpdate[1277]: name server cannot be used: Temporary failure in name resolution (-3)
Jan  1 00:00:11 linaro-server cron[1290]: (CRON) INFO (pidfile fd = 3)
Jan  1 00:00:11 linaro-server cron[1325]: (CRON) STARTUP (fork ok)
Jan  1 00:00:11 linaro-server cron[1325]: (CRON) INFO (Running @reboot jobs)
Jan  1 00:00:15 linaro-server /etc/mysql/debian-start[1484]: Upgrading MySQL tables if necessary.
Jan  1 00:00:16 linaro-server /etc/mysql/debian-start[1487]: /usr/bin/mysql_upgrade: the '--basedir' option is always ignored
Jan  1 00:00:16 linaro-server /etc/mysql/debian-start[1487]: Looking for 'mysql' as: /usr/bin/mysql
Jan  1 00:00:16 linaro-server /etc/mysql/debian-start[1487]: Looking for 'mysqlcheck' as: /usr/bin/mysqlcheck
Jan  1 00:00:16 linaro-server /etc/mysql/debian-start[1487]: FATAL ERROR: Upgrade failed
Jan  1 00:00:16 linaro-server /etc/mysql/debian-start[1518]: Checking for insecure root accounts.
Jan  1 00:02:01 linaro-server dhclient: DHCPDISCOVER on eth0 to 255.255.255.255 port 67 interval 3 (xid=0x314f2aac)
Jan  1 00:02:02 linaro-server kernel: [  122.127742] xemacps e000b000.ps7-ethernet: Set clk to 124999998 Hz
Jan  1 00:02:02 linaro-server kernel: [  122.127770] xemacps e000b000.ps7-ethernet: link up (1000/FULL)
Jan  1 00:02:04 linaro-server dhclient: DHCPDISCOVER on eth0 to 255.255.255.255 port 67 interval 5 (xid=0x314f2aac)
Jan  1 00:02:04 linaro-server dhclient: DHCPREQUEST of 10.0.111.120 on eth0 to 255.255.255.255 port 67 (xid=0x314f2aac)
Jan  1 00:02:04 linaro-server dhclient: DHCPOFFER of 10.0.111.120 from 10.0.111.1
Jan  1 00:02:04 linaro-server dhclient: DHCPACK of 10.0.111.120 from 10.0.111.1
Jan  1 00:02:04 linaro-server dhclient: bound to 10.0.111.120 -- renewal in 257 seconds.
Jan  1 00:06:21 linaro-server dhclient: DHCPREQUEST of 10.0.111.120 on eth0 to 10.0.111.1 port 67 (xid=0x314f2aac)
Jan  1 00:06:21 linaro-server dhclient: DHCPACK of 10.0.111.120 from 10.0.111.1
Jan  1 00:06:21 linaro-server dhclient: bound to 10.0.111.120 -- renewal in 294 seconds.
Jan  1 00:09:02 linaro-server CRON[1978]: (root) CMD (  [ -x /usr/lib/php5/maxlifetime ] && [ -x /usr/lib/php5/sessionclean ] && [ -d /var/lib/php5 ] && /usr/lib/php5/sessionclean /var/lib/php5 $(/usr/lib/php5/maxlifetime))
Jan  1 00:11:15 linaro-server dhclient: DHCPREQUEST of 10.0.111.120 on eth0 to 10.0.111.1 port 67 (xid=0x314f2aac)
Jan  1 00:11:15 linaro-server dhclient: DHCPACK of 10.0.111.120 from 10.0.111.1
Jan  1 00:11:15 linaro-server dhclient: bound to 10.0.111.120 -- renewal in 291 seconds.
Jan  1 00:16:06 linaro-server dhclient: DHCPREQUEST of 10.0.111.120 on eth0 to 10.0.111.1 port 67 (xid=0x314f2aac)
Jan  1 00:16:06 linaro-server dhclient: DHCPACK of 10.0.111.120 from 10.0.111.1
Jan  1 00:16:06 linaro-server dhclient: bound to 10.0.111.120 -- renewal in 294 seconds.
Jan  1 00:17:01 linaro-server CRON[19379]: (root) CMD (   cd / && run-parts --report /etc/cron.hourly)
Jan  1 00:21:01 linaro-server dhclient: DHCPREQUEST of 10.0.111.120 on eth0 to 10.0.111.1 port 67 (xid=0x314f2aac)
Jan  1 00:21:01 linaro-server dhclient: DHCPACK of 10.0.111.120 from 10.0.111.1
Jan  1 00:21:01 linaro-server dhclient: bound to 10.0.111.120 -- renewal in 239 seconds.
Jan  1 00:21:16 linaro-server rsyslogd: [origin software="rsyslogd" swVersion="7.4.4" x-pid="1017" x-info="http://www.rsyslog.com"] exiting on signal 15.
Jan  1 00:00:07 linaro-server rsyslogd: [origin software="rsyslogd" swVersion="7.4.4" x-pid="1151" x-info="http://www.rsyslog.com"] start
Jan  1 00:00:07 linaro-server rsyslogd: rsyslogd's groupid changed to 110
Jan  1 00:00:07 linaro-server rsyslogd: rsyslogd's userid changed to 103
Jan  1 00:00:07 linaro-server kernel: [    0.000000] Booting Linux on physical CPU 0x0
Jan  1 00:00:07 linaro-server kernel: [    0.000000] Linux version 3.14.0-xilinx-dirty (root@ubuntu) (gcc version 4.9.1 (Sourcery CodeBench Lite 2014.11-30) ) #28 SMP PREEMPT Mon Dec 7 13:39:55 PST 2015
Jan  1 00:00:07 linaro-server kernel: [    0.000000] CPU: ARMv7 Processor [413fc090] revision 0 (ARMv7), cr=18c5387d
Jan  1 00:00:07 linaro-server kernel: [    0.000000] CPU: PIPT / VIPT nonaliasing data cache, VIPT aliasing instruction cache
Jan  1 00:00:07 linaro-server kernel: [    0.000000] Machine model: Xilinx Zynq
Jan  1 00:00:07 linaro-server kernel: [    0.000000] bootconsole [earlycon0] enabled
Jan  1 00:00:07 linaro-server kernel: [    0.000000] Memory policy: Data cache writealloc
Jan  1 00:00:07 linaro-server kernel: [    0.000000] On node 0 totalpages: 262144
Jan  1 00:00:07 linaro-server kernel: [    0.000000] free_area_init_node: node 0, pgdat c07f8c80, node_mem_map eeff8000
Jan  1 00:00:07 linaro-server kernel: [    0.000000]   Normal zone: 1520 pages used for memmap
Jan  1 00:00:07 linaro-server kernel: [    0.000000]   Normal zone: 0 pages reserved
Jan  1 00:00:07 linaro-server kernel: [    0.000000]   Normal zone: 194560 pages, LIFO batch:31
Jan  1 00:00:07 linaro-server kernel: [    0.000000]   HighMem zone: 528 pages used for memmap
Jan  1 00:00:07 linaro-server kernel: [    0.000000]   HighMem zone: 67584 pages, LIFO batch:15
Jan  1 00:00:07 linaro-server kernel: [    0.000000] PERCPU: Embedded 8 pages/cpu @eefd3000 s10752 r8192 d13824 u32768
Jan  1 00:00:07 linaro-server kernel: [    0.000000] pcpu-alloc: s10752 r8192 d13824 u32768 alloc=8*4096
Jan  1 00:00:07 linaro-server kernel: [    0.000000] pcpu-alloc: [0] 0 [0] 1 
Jan  1 00:00:07 linaro-server kernel: [    0.000000] Built 1 zonelists in Zone order, mobility grouping on.  Total pages: 260624
Jan  1 00:00:07 linaro-server kernel: [    0.000000] Kernel command line: console=ttyPS0,115200 root=/dev/mmcblk0p2 rw rootwait earlyprintk
Jan  1 00:00:07 linaro-server kernel: [    0.000000] PID hash table entries: 4096 (order: 2, 16384 bytes)
Jan  1 00:00:07 linaro-server kernel: [    0.000000] Dentry cache hash table entries: 131072 (order: 7, 524288 bytes)
Jan  1 00:00:07 linaro-server kernel: [    0.000000] Inode-cache hash table entries: 65536 (order: 6, 262144 bytes)
Jan  1 00:00:07 linaro-server kernel: [    0.000000] Memory: 1025844K/1048576K available (5670K kernel code, 348K rwdata, 1964K rodata, 206K init, 5340K bss, 22732K reserved, 270336K highmem)
Jan  1 00:00:07 linaro-server kernel: [    0.000000] Virtual kernel memory layout:
Jan  1 00:00:07 linaro-server kernel: [    0.000000]     vector  : 0xffff0000 - 0xffff1000   (   4 kB)
Jan  1 00:00:07 linaro-server kernel: [    0.000000]     fixmap  : 0xfff00000 - 0xfffe0000   ( 896 kB)
Jan  1 00:00:07 linaro-server kernel: [    0.000000]     vmalloc : 0xf0000000 - 0xff000000   ( 240 MB)
Jan  1 00:00:07 linaro-server kernel: [    0.000000]     lowmem  : 0xc0000000 - 0xef800000   ( 760 MB)
Jan  1 00:00:07 linaro-server kernel: [    0.000000]     pkmap   : 0xbfe00000 - 0xc0000000   (   2 MB)
Jan  1 00:00:07 linaro-server kernel: [    0.000000]     modules : 0xbf000000 - 0xbfe00000   (  14 MB)
Jan  1 00:00:07 linaro-server kernel: [    0.000000]       .text : 0xc0008000 - 0xc077cd3c   (7636 kB)
Jan  1 00:00:07 linaro-server kernel: [    0.000000]       .init : 0xc077d000 - 0xc07b0a00   ( 207 kB)
Jan  1 00:00:07 linaro-server kernel: [    0.000000]       .data : 0xc07b2000 - 0xc08092d0   ( 349 kB)
Jan  1 00:00:07 linaro-server kernel: [    0.000000]        .bss : 0xc08092dc - 0xc0d404a0   (5341 kB)
Jan  1 00:00:07 linaro-server kernel: [    0.000000] Preemptible hierarchical RCU implementation.
Jan  1 00:00:07 linaro-server kernel: [    0.000000] 	RCU lockdep checking is enabled.
Jan  1 00:00:07 linaro-server kernel: [    0.000000] 	Dump stacks of tasks blocking RCU-preempt GP.
Jan  1 00:00:07 linaro-server kernel: [    0.000000] 	RCU restricting CPUs from NR_CPUS=4 to nr_cpu_ids=2.
Jan  1 00:00:07 linaro-server kernel: [    0.000000] RCU: Adjusting geometry for rcu_fanout_leaf=16, nr_cpu_ids=2
Jan  1 00:00:07 linaro-server kernel: [    0.000000] NR_IRQS:16 nr_irqs:16 16
Jan  1 00:00:07 linaro-server kernel: [    0.000000] ps7-slcr mapped to f0004000
Jan  1 00:00:07 linaro-server kernel: [    0.000000] zynq_clock_init: clkc starts at f0004100
Jan  1 00:00:07 linaro-server kernel: [    0.000000] Zynq clock init
Jan  1 00:00:07 linaro-server kernel: [    0.000016] sched_clock: 64 bits at 333MHz, resolution 3ns, wraps every 3298534883328ns
Jan  1 00:00:07 linaro-server kernel: [    0.008521] ps7-ttc #0 at f0006000, irq=43
Jan  1 00:00:07 linaro-server kernel: [    0.013561] Console: colour dummy device 80x30
Jan  1 00:00:07 linaro-server kernel: [    0.017902] Lock dependency validator: Copyright (c) 2006 Red Hat, Inc., Ingo Molnar
Jan  1 00:00:07 linaro-server kernel: [    0.025968] ... MAX_LOCKDEP_SUBCLASSES:  8
Jan  1 00:00:07 linaro-server kernel: [    0.029990] ... MAX_LOCK_DEPTH:          48
Jan  1 00:00:07 linaro-server kernel: [    0.034162] ... MAX_LOCKDEP_KEYS:        8191
Jan  1 00:00:07 linaro-server kernel: [    0.038585] ... CLASSHASH_SIZE:          4096
Jan  1 00:00:07 linaro-server kernel: [    0.042934] ... MAX_LOCKDEP_ENTRIES:     16384
Jan  1 00:00:07 linaro-server kernel: [    0.047405] ... MAX_LOCKDEP_CHAINS:      32768
Jan  1 00:00:07 linaro-server kernel: [    0.051911] ... CHAINHASH_SIZE:          16384
Jan  1 00:00:07 linaro-server kernel: [    0.056351]  memory used by lock dependency info: 3695 kB
Jan  1 00:00:07 linaro-server kernel: [    0.061801]  per task-struct memory footprint: 1152 bytes
Jan  1 00:00:07 linaro-server kernel: [    0.067256] Calibrating delay loop... 1325.46 BogoMIPS (lpj=6627328)
Jan  1 00:00:07 linaro-server kernel: [    0.110955] pid_max: default: 32768 minimum: 301
Jan  1 00:00:07 linaro-server kernel: [    0.116303] Mount-cache hash table entries: 2048 (order: 1, 8192 bytes)
Jan  1 00:00:07 linaro-server kernel: [    0.122848] Mountpoint-cache hash table entries: 2048 (order: 1, 8192 bytes)
Jan  1 00:00:07 linaro-server kernel: [    0.138713] CPU: Testing write buffer coherency: ok
Jan  1 00:00:07 linaro-server kernel: [    0.144984] CPU0: thread -1, cpu 0, socket 0, mpidr 80000000
Jan  1 00:00:07 linaro-server kernel: [    0.150620] Setting up static identity map for 0x565510 - 0x565568
Jan  1 00:00:07 linaro-server kernel: [    0.157019] L310 cache controller enabled
Jan  1 00:00:07 linaro-server kernel: [    0.160971] l2x0: 8 ways, CACHE_ID 0x410000c8, AUX_CTRL 0x72760000, Cache size: 512 kB
Jan  1 00:00:07 linaro-server kernel: [    0.250423] CPU1: Booted secondary processor
Jan  1 00:00:07 linaro-server kernel: [    0.338281] CPU1: thread -1, cpu 1, socket 0, mpidr 80000001
Jan  1 00:00:07 linaro-server kernel: [    0.339270] Brought up 2 CPUs
Jan  1 00:00:07 linaro-server kernel: [    0.352135] SMP: Total of 2 processors activated.
Jan  1 00:00:07 linaro-server kernel: [    0.356836] CPU: All CPU(s) started in SVC mode.
Jan  1 00:00:07 linaro-server kernel: [    0.364911] devtmpfs: initialized
Jan  1 00:00:07 linaro-server kernel: [    0.375656] VFP support v0.3: implementor 41 architecture 3 part 30 variant 9 rev 4
Jan  1 00:00:07 linaro-server kernel: [    0.389943] regulator-dummy: no parameters
Jan  1 00:00:07 linaro-server kernel: [    0.396287] NET: Registered protocol family 16
Jan  1 00:00:07 linaro-server kernel: [    0.401903] DMA: preallocated 256 KiB pool for atomic coherent allocations
Jan  1 00:00:07 linaro-server kernel: [    0.415545] cpuidle: using governor ladder
Jan  1 00:00:07 linaro-server kernel: [    0.419524] cpuidle: using governor menu
Jan  1 00:00:07 linaro-server kernel: [    0.450715] syscon f8000000.ps7-slcr: regmap [mem 0xf8000000-0xf8000fff] registered
Jan  1 00:00:07 linaro-server kernel: [    0.463672] hw-breakpoint: found 5 (+1 reserved) breakpoint and 1 watchpoint registers.
Jan  1 00:00:07 linaro-server kernel: [    0.471769] hw-breakpoint: maximum watchpoint size is 4 bytes.
Jan  1 00:00:07 linaro-server kernel: [    0.477940] zynq-ocm f800c000.ps7-ocmc: ZYNQ OCM pool: 256 KiB @ 0xf0080000
Jan  1 00:00:07 linaro-server kernel: [    0.559875] bio: create slab <bio-0> at 0
Jan  1 00:00:07 linaro-server kernel: [    0.567358] wlan-en-regulator: 3300 mV 
Jan  1 00:00:07 linaro-server kernel: [    0.574221] vgaarb: loaded
Jan  1 00:00:07 linaro-server kernel: [    0.578807] SCSI subsystem initialized
Jan  1 00:00:07 linaro-server kernel: [    0.584938] usbcore: registered new interface driver usbfs
Jan  1 00:00:07 linaro-server kernel: [    0.591343] usbcore: registered new interface driver hub
Jan  1 00:00:07 linaro-server kernel: [    0.597086] usbcore: registered new device driver usb
Jan  1 00:00:07 linaro-server kernel: [    0.603573] media: Linux media interface: v0.10
Jan  1 00:00:07 linaro-server kernel: [    0.608450] Linux video capture interface: v2.00
Jan  1 00:00:07 linaro-server kernel: [    0.613744] pps_core: LinuxPPS API ver. 1 registered
Jan  1 00:00:07 linaro-server kernel: [    0.618576] pps_core: Software ver. 5.3.6 - Copyright 2005-2007 Rodolfo Giometti <giometti@linux.it>
Jan  1 00:00:07 linaro-server kernel: [    0.628128] PTP clock support registered
Jan  1 00:00:07 linaro-server kernel: [    0.632985] EDAC MC: Ver: 3.0.0
Jan  1 00:00:07 linaro-server kernel: [    0.642851] Bluetooth: Core ver 2.18
Jan  1 00:00:07 linaro-server kernel: [    0.646712] NET: Registered protocol family 31
Jan  1 00:00:07 linaro-server kernel: [    0.651100] Bluetooth: HCI device and connection manager initialized
Jan  1 00:00:07 linaro-server kernel: [    0.657500] Bluetooth: HCI socket layer initialized
Jan  1 00:00:07 linaro-server kernel: [    0.662371] Bluetooth: L2CAP socket layer initialized
Jan  1 00:00:07 linaro-server kernel: [    0.667493] Bluetooth: SCO socket layer initialized
Jan  1 00:00:07 linaro-server kernel: [    0.674190] cfg80211: Calling CRDA to update world regulatory domain
Jan  1 00:00:07 linaro-server kernel: [    0.687145] DMA-API: preallocated 4096 debug entries
Jan  1 00:00:07 linaro-server kernel: [    0.692046] DMA-API: debugging enabled by kernel config
Jan  1 00:00:07 linaro-server kernel: [    0.697867] Switched to clocksource arm_global_timer
Jan  1 00:00:07 linaro-server kernel: [    0.760056] NET: Registered protocol family 2
Jan  1 00:00:07 linaro-server kernel: [    0.766672] TCP established hash table entries: 8192 (order: 3, 32768 bytes)
Jan  1 00:00:07 linaro-server kernel: [    0.773950] TCP bind hash table entries: 8192 (order: 6, 294912 bytes)
Jan  1 00:00:07 linaro-server kernel: [    0.783900] TCP: Hash tables configured (established 8192 bind 8192)
Jan  1 00:00:07 linaro-server kernel: [    0.790877] TCP: reno registered
Jan  1 00:00:07 linaro-server kernel: [    0.794021] UDP hash table entries: 512 (order: 3, 40960 bytes)
Jan  1 00:00:07 linaro-server kernel: [    0.800432] UDP-Lite hash table entries: 512 (order: 3, 40960 bytes)
Jan  1 00:00:07 linaro-server kernel: [    0.808387] NET: Registered protocol family 1
Jan  1 00:00:07 linaro-server kernel: [    0.814256] RPC: Registered named UNIX socket transport module.
Jan  1 00:00:07 linaro-server kernel: [    0.820128] RPC: Registered udp transport module.
Jan  1 00:00:07 linaro-server kernel: [    0.824770] RPC: Registered tcp transport module.
Jan  1 00:00:07 linaro-server kernel: [    0.829535] RPC: Registered tcp NFSv4.1 backchannel transport module.
Jan  1 00:00:07 linaro-server kernel: [    0.835956] PCI: CLS 0 bytes, default 64
Jan  1 00:00:07 linaro-server kernel: [    0.837259] hw perfevents: enabled with ARMv7 Cortex-A9 PMU driver, 7 counters available
Jan  1 00:00:07 linaro-server kernel: [    0.851197] futex hash table entries: 512 (order: 3, 32768 bytes)
Jan  1 00:00:07 linaro-server kernel: [    0.861500] bounce pool size: 64 pages
Jan  1 00:00:07 linaro-server kernel: [    0.868994] jffs2: version 2.2. (NAND) (SUMMARY)  © 2001-2006 Red Hat, Inc.
Jan  1 00:00:07 linaro-server kernel: [    0.876487] msgmni has been set to 1475
Jan  1 00:00:07 linaro-server kernel: [    0.882953] io scheduler noop registered
Jan  1 00:00:07 linaro-server kernel: [    0.886761] io scheduler deadline registered
Jan  1 00:00:07 linaro-server kernel: [    0.891210] io scheduler cfq registered (default)
Jan  1 00:00:07 linaro-server kernel: [    0.911388] dma-pl330 f8003000.ps7-dma: Loaded driver for PL330 DMAC-267056
Jan  1 00:00:07 linaro-server kernel: [    0.918326] dma-pl330 f8003000.ps7-dma: 	DBUFF-128x8bytes Num_Chans-8 Num_Peri-4 Num_Events-16
Jan  1 00:00:07 linaro-server kernel: [    0.930071] xuartps e0001000.serial: clock name 'aper_clk' is deprecated.
Jan  1 00:00:07 linaro-server kernel: [    0.936749] xuartps e0001000.serial: clock name 'ref_clk' is deprecated.
Jan  1 00:00:07 linaro-server kernel: [    0.944070] e0001000.serial: ttyPS0 at MMIO 0xe0001000 (irq = 82, base_baud = 3124999) is a xuartps
Jan  1 00:00:07 linaro-server kernel: [    0.953397] console [ttyPS0] enabled
Jan  1 00:00:07 linaro-server kernel: [    0.960568] bootconsole [earlycon0] disabled
Jan  1 00:00:07 linaro-server kernel: [    0.971166] xuartps e0000000.serial: clock name 'aper_clk' is deprecated.
Jan  1 00:00:07 linaro-server kernel: [    0.978028] xuartps e0000000.serial: clock name 'ref_clk' is deprecated.
Jan  1 00:00:07 linaro-server kernel: [    0.984784] e0000000.serial: ttyPS1 at MMIO 0xe0000000 (irq = 59, base_baud = 3124999) is a xuartps
Jan  1 00:00:07 linaro-server kernel: [    0.995820] xdevcfg f8007000.ps7-dev-cfg: ioremap 0xf8007000 to f0068000
Jan  1 00:00:07 linaro-server kernel: [    1.037017] brd: module loaded
Jan  1 00:00:07 linaro-server kernel: [    1.059475] loop: module loaded
Jan  1 00:00:07 linaro-server kernel: [    1.075629] m25p80 spi0.0: found s25fl128s1, expected n25q128
Jan  1 00:00:07 linaro-server kernel: [    1.081613] m25p80 spi0.0: s25fl128s1 (16384 Kbytes)
Jan  1 00:00:07 linaro-server kernel: [    1.086660] 5 ofpart partitions found on MTD device spi0.0
Jan  1 00:00:07 linaro-server kernel: [    1.092123] Creating 5 MTD partitions on "spi0.0":
Jan  1 00:00:07 linaro-server kernel: [    1.096851] 0x000000000000-0x000000100000 : "qspi-fsbl-uboot"
Jan  1 00:00:07 linaro-server kernel: [    1.110737] 0x000000100000-0x000000600000 : "qspi-linux"
Jan  1 00:00:07 linaro-server kernel: [    1.121091] 0x000000600000-0x000000620000 : "qspi-device-tree"
Jan  1 00:00:07 linaro-server kernel: [    1.131844] 0x000000620000-0x000000c00000 : "qspi-rootfs"
Jan  1 00:00:07 linaro-server kernel: [    1.142197] 0x000000c00000-0x000001000000 : "qspi-bitstream"
Jan  1 00:00:07 linaro-server kernel: [    1.162078] e1000e: Intel(R) PRO/1000 Network Driver - 2.3.2-k
Jan  1 00:00:07 linaro-server kernel: [    1.167928] e1000e: Copyright(c) 1999 - 2013 Intel Corporation.
Jan  1 00:00:07 linaro-server kernel: [    1.179692] libphy: XEMACPS mii bus: probed
Jan  1 00:00:07 linaro-server kernel: [    1.186254] xemacps e000b000.ps7-ethernet: pdev->id -1, baseaddr 0xe000b000, irq 54
Jan  1 00:00:07 linaro-server kernel: [    1.197941] ehci_hcd: USB 2.0 'Enhanced' Host Controller (EHCI) Driver
Jan  1 00:00:07 linaro-server kernel: [    1.204878] ehci-pci: EHCI PCI platform driver
Jan  1 00:00:07 linaro-server kernel: [    1.210442] ULPI transceiver vendor/product ID 0x0424/0x0007
Jan  1 00:00:07 linaro-server kernel: [    1.216017] Found SMSC USB3320 ULPI transceiver.
Jan  1 00:00:07 linaro-server kernel: [    1.220952] ULPI integrity check: passed.
Jan  1 00:00:07 linaro-server kernel: [    1.225765] zynq-ehci zynq-ehci.0: Xilinx Zynq USB EHCI Host Controller
Jan  1 00:00:07 linaro-server kernel: [    1.233322] zynq-ehci zynq-ehci.0: new USB bus registered, assigned bus number 1
Jan  1 00:00:07 linaro-server kernel: [    1.267865] zynq-ehci zynq-ehci.0: irq 53, io mem 0x00000000
Jan  1 00:00:07 linaro-server kernel: [    1.287848] zynq-ehci zynq-ehci.0: USB 2.0 started, EHCI 1.00
Jan  1 00:00:07 linaro-server kernel: [    1.300557] hub 1-0:1.0: USB hub found
Jan  1 00:00:07 linaro-server kernel: [    1.304534] hub 1-0:1.0: 1 port detected
Jan  1 00:00:07 linaro-server kernel: [    1.312585] usbcore: registered new interface driver usb-storage
Jan  1 00:00:07 linaro-server kernel: [    1.321428] mousedev: PS/2 mouse device common for all mice
Jan  1 00:00:07 linaro-server kernel: [    1.329095] i2c /dev entries driver
Jan  1 00:00:07 linaro-server kernel: [    1.342208] Bluetooth: HCI UART driver ver 2.2
Jan  1 00:00:07 linaro-server kernel: [    1.346576] Bluetooth: HCI H4 protocol initialized
Jan  1 00:00:07 linaro-server kernel: [    1.351459] Bluetooth: HCI BCSP protocol initialized
Jan  1 00:00:07 linaro-server kernel: [    1.356337] Bluetooth: HCILL protocol initialized
Jan  1 00:00:07 linaro-server kernel: [    1.361069] Bluetooth: HCIATH3K protocol initialized
Jan  1 00:00:07 linaro-server kernel: [    1.365972] Bluetooth: HCI Three-wire UART (H5) protocol initialized
Jan  1 00:00:07 linaro-server kernel: [    1.372613] zynq-edac f8006000.ps7-ddrc: ecc not enabled
Jan  1 00:00:07 linaro-server kernel: [    1.378841] cpufreq_cpu0: failed to get cpu0 regulator: -19
Jan  1 00:00:07 linaro-server kernel: [    1.387204] Xilinx Zynq CpuIdle Driver started
Jan  1 00:00:07 linaro-server kernel: [    1.393590] sdhci: Secure Digital Host Controller Interface driver
Jan  1 00:00:07 linaro-server kernel: [    1.399734] sdhci: Copyright(c) Pierre Ossman
Jan  1 00:00:07 linaro-server kernel: [    1.404025] sdhci-pltfm: SDHCI platform and OF driver helper
Jan  1 00:00:07 linaro-server kernel: [    1.412347] mmc0: no vqmmc regulator found
Jan  1 00:00:07 linaro-server kernel: [    1.416370] mmc0: no vmmc regulator found
Jan  1 00:00:07 linaro-server kernel: [    1.457774] mmc0: SDHCI controller on e0100000.ps7-sdio [e0100000.ps7-sdio] using ADMA
Jan  1 00:00:07 linaro-server kernel: [    1.465908] mmc1: no vqmmc regulator found
Jan  1 00:00:07 linaro-server kernel: [    1.508525] mmc0: new high speed SDHC card at address aaaa
Jan  1 00:00:07 linaro-server kernel: [    1.516555] mmcblk0: mmc0:aaaa SE16G 14.8 GiB 
Jan  1 00:00:07 linaro-server kernel: [    1.526723]  mmcblk0: p1 p2
Jan  1 00:00:07 linaro-server kernel: [    1.587773] mmc1: SDHCI controller on e0101000.ps7-sdio [e0101000.ps7-sdio] using ADMA
Jan  1 00:00:07 linaro-server kernel: [    1.602172] usbcore: registered new interface driver usbhid
Jan  1 00:00:07 linaro-server kernel: [    1.609793] usbhid: USB HID core driver
Jan  1 00:00:07 linaro-server kernel: [    1.613613] sdhci-arasan e0101000.ps7-sdio: card claims to support voltages below defined range
Jan  1 00:00:07 linaro-server kernel: [    1.622873] TCP: cubic registered
Jan  1 00:00:07 linaro-server kernel: [    1.626162] NET: Registered protocol family 17
Jan  1 00:00:07 linaro-server kernel: [    1.631095] Bluetooth: RFCOMM TTY layer initialized
Jan  1 00:00:07 linaro-server kernel: [    1.635969] Bluetooth: RFCOMM socket layer initialized
Jan  1 00:00:07 linaro-server kernel: [    1.641160] Bluetooth: RFCOMM ver 1.11
Jan  1 00:00:07 linaro-server kernel: [    1.644895] Bluetooth: BNEP (Ethernet Emulation) ver 1.3
Jan  1 00:00:07 linaro-server kernel: [    1.650208] Bluetooth: BNEP socket layer initialized
Jan  1 00:00:07 linaro-server kernel: [    1.655096] Bluetooth: HIDP (Human Interface Emulation) ver 1.2
Jan  1 00:00:07 linaro-server kernel: [    1.661074] Bluetooth: HIDP socket layer initialized
Jan  1 00:00:07 linaro-server kernel: [    1.665600] mmc1: queuing unknown CIS tuple 0x91 (3 bytes)
Jan  1 00:00:07 linaro-server kernel: [    1.671844] Registering SWP/SWPB emulation handler
Jan  1 00:00:07 linaro-server kernel: [    1.679503] regulator-dummy: disabling
Jan  1 00:00:07 linaro-server kernel: [    1.684007] drivers/rtc/hctosys.c: unable to open rtc device (rtc0)
Jan  1 00:00:07 linaro-server kernel: [    1.684821] mmc1: new SDIO card at address 0001
Jan  1 00:00:07 linaro-server kernel: [    1.700793] wl18xx_driver wl18xx.0.auto: Direct firmware load failed with error -2
Jan  1 00:00:07 linaro-server kernel: [    1.708564] wl18xx_driver wl18xx.0.auto: Falling back to user helper
Jan  1 00:00:07 linaro-server kernel: [    1.726712] EXT3-fs (mmcblk0p2): error: couldn't mount because of unsupported optional features (240)
Jan  1 00:00:07 linaro-server kernel: [    1.738765] EXT2-fs (mmcblk0p2): error: couldn't mount because of unsupported optional features (240)
Jan  1 00:00:07 linaro-server kernel: [    1.817691] EXT4-fs (mmcblk0p2): mounted filesystem with ordered data mode. Opts: (null)
Jan  1 00:00:07 linaro-server kernel: [    1.825887] VFS: Mounted root (ext4 filesystem) on device 179:2.
Jan  1 00:00:07 linaro-server kernel: [    1.835761] devtmpfs: mounted
Jan  1 00:00:07 linaro-server kernel: [    1.839202] Freeing unused kernel memory: 204K (c077d000 - c07b0000)
Jan  1 00:00:07 linaro-server kernel: [    2.306810] random: init urandom read with 30 bits of entropy available
Jan  1 00:00:07 linaro-server kernel: [    5.793337] wl18xx_driver wl18xx.0.auto: Direct firmware load failed with error -2
Jan  1 00:00:07 linaro-server kernel: [    5.793472] wl18xx_driver wl18xx.0.auto: Falling back to user helper
Jan  1 00:00:07 linaro-server kernel: [    5.902610] wlcore: ERROR could not get configuration binary ti-connectivity/wl18xx-conf.bin: -2
Jan  1 00:00:07 linaro-server kernel: [    5.911680] wlcore: WARNING falling back to default config
Jan  1 00:00:07 linaro-server kernel: [    6.219526] wlcore: wl18xx HW: 183x or 180x, PG 2.2 (ROM 0x11)
Jan  1 00:00:07 linaro-server kernel: [    6.280261] random: nonblocking pool is initialized
Jan  1 00:00:07 linaro-server kernel: [    6.387123] wlcore: loaded
Jan  1 00:00:07 linaro-server kernel: [    6.387291] wlcore: driver version: xilinx-v2014.2.01-dirty
Jan  1 00:00:07 linaro-server kernel: [    6.387306] wlcore: compilation time: timestamp not possible with gcc 4.9
Jan  1 00:00:07 linaro-server rsyslogd-2039: Could no open output pipe '/dev/xconsole': No such file or directory [try http://www.rsyslog.com/e/2039 ]
Jan  1 00:00:08 linaro-server ntpdate[1239]: name server cannot be used: Temporary failure in name resolution (-3)
Jan  1 00:00:09 linaro-server cron[1258]: (CRON) INFO (pidfile fd = 3)
Jan  1 00:00:10 linaro-server cron[1297]: (CRON) STARTUP (fork ok)
Jan  1 00:00:10 linaro-server cron[1297]: (CRON) INFO (Running @reboot jobs)
Jan  1 00:00:10 linaro-server failsafe: Failsafe of 120 seconds reached.
Jan  1 00:00:14 linaro-server /etc/mysql/debian-start[1487]: Upgrading MySQL tables if necessary.
Jan  1 00:00:14 linaro-server /etc/mysql/debian-start[1491]: /usr/bin/mysql_upgrade: the '--basedir' option is always ignored
Jan  1 00:00:14 linaro-server /etc/mysql/debian-start[1491]: Looking for 'mysql' as: /usr/bin/mysql
Jan  1 00:00:14 linaro-server /etc/mysql/debian-start[1491]: Looking for 'mysqlcheck' as: /usr/bin/mysqlcheck
Jan  1 00:00:14 linaro-server /etc/mysql/debian-start[1491]: FATAL ERROR: Upgrade failed
Jan  1 00:00:14 linaro-server /etc/mysql/debian-start[1532]: Checking for insecure root accounts.
Jan  1 00:09:01 linaro-server CRON[1772]: (root) CMD (  [ -x /usr/lib/php5/maxlifetime ] && [ -x /usr/lib/php5/sessionclean ] && [ -d /var/lib/php5 ] && /usr/lib/php5/sessionclean /var/lib/php5 $(/usr/lib/php5/maxlifetime))
Jan  1 00:17:01 linaro-server CRON[1796]: (root) CMD (   cd / && run-parts --report /etc/cron.hourly)
Jan  1 00:19:35 linaro-server kernel: [ 1175.918557] xemacps e000b000.ps7-ethernet: Set clk to 124999998 Hz
Jan  1 00:19:35 linaro-server kernel: [ 1175.918586] xemacps e000b000.ps7-ethernet: link up (1000/FULL)
Jan  1 00:19:48 linaro-server dhclient: DHCPREQUEST of 10.0.111.120 on eth0 to 255.255.255.255 port 67 (xid=0x519d4045)
Jan  1 00:19:48 linaro-server dhclient: DHCPACK of 10.0.111.120 from 10.0.111.1
Jan  1 00:19:49 linaro-server dhclient: bound to 10.0.111.120 -- renewal in 287 seconds.
Jan  1 00:24:36 linaro-server dhclient: DHCPREQUEST of 10.0.111.120 on eth0 to 10.0.111.1 port 67 (xid=0x519d4045)
Jan  1 00:24:36 linaro-server dhclient: DHCPACK of 10.0.111.120 from 10.0.111.1
Jan  1 00:24:37 linaro-server dhclient: bound to 10.0.111.120 -- renewal in 283 seconds.
Jan  1 00:29:20 linaro-server dhclient: DHCPREQUEST of 10.0.111.120 on eth0 to 10.0.111.1 port 67 (xid=0x519d4045)
Jan  1 00:29:20 linaro-server dhclient: DHCPACK of 10.0.111.120 from 10.0.111.1
Jan  1 00:29:20 linaro-server dhclient: bound to 10.0.111.120 -- renewal in 246 seconds.
Jan  1 00:33:26 linaro-server dhclient: DHCPREQUEST of 10.0.111.120 on eth0 to 10.0.111.1 port 67 (xid=0x519d4045)
Jan  1 00:33:26 linaro-server dhclient: DHCPACK of 10.0.111.120 from 10.0.111.1
Jan  1 00:33:26 linaro-server dhclient: bound to 10.0.111.120 -- renewal in 268 seconds.
Jan  1 00:37:54 linaro-server dhclient: DHCPREQUEST of 10.0.111.120 on eth0 to 10.0.111.1 port 67 (xid=0x519d4045)
Jan  1 00:37:54 linaro-server dhclient: DHCPACK of 10.0.111.120 from 10.0.111.1
Jan  1 00:37:54 linaro-server dhclient: bound to 10.0.111.120 -- renewal in 287 seconds.
Jan  1 00:39:01 linaro-server CRON[5480]: (root) CMD (  [ -x /usr/lib/php5/maxlifetime ] && [ -x /usr/lib/php5/sessionclean ] && [ -d /var/lib/php5 ] && /usr/lib/php5/sessionclean /var/lib/php5 $(/usr/lib/php5/maxlifetime))
Jan  1 00:42:41 linaro-server dhclient: DHCPREQUEST of 10.0.111.120 on eth0 to 10.0.111.1 port 67 (xid=0x519d4045)
Jan  1 00:42:41 linaro-server dhclient: DHCPACK of 10.0.111.120 from 10.0.111.1
Jan  1 00:42:41 linaro-server dhclient: bound to 10.0.111.120 -- renewal in 278 seconds.
Jan  1 00:47:19 linaro-server dhclient: DHCPREQUEST of 10.0.111.120 on eth0 to 10.0.111.1 port 67 (xid=0x519d4045)
Jan  1 00:47:19 linaro-server dhclient: DHCPACK of 10.0.111.120 from 10.0.111.1
Jan  1 00:47:19 linaro-server dhclient: bound to 10.0.111.120 -- renewal in 282 seconds.
Jan  1 00:52:01 linaro-server dhclient: DHCPREQUEST of 10.0.111.120 on eth0 to 10.0.111.1 port 67 (xid=0x519d4045)
Jan  1 00:52:01 linaro-server dhclient: DHCPACK of 10.0.111.120 from 10.0.111.1
Jan  1 00:52:01 linaro-server dhclient: bound to 10.0.111.120 -- renewal in 289 seconds.
Jan  1 00:56:50 linaro-server dhclient: DHCPREQUEST of 10.0.111.120 on eth0 to 10.0.111.1 port 67 (xid=0x519d4045)
Jan  1 00:56:50 linaro-server dhclient: DHCPACK of 10.0.111.120 from 10.0.111.1
Jan  1 00:56:50 linaro-server dhclient: bound to 10.0.111.120 -- renewal in 237 seconds.
Jan  1 01:00:47 linaro-server dhclient: DHCPREQUEST of 10.0.111.120 on eth0 to 10.0.111.1 port 67 (xid=0x519d4045)
Jan  1 01:00:47 linaro-server dhclient: DHCPACK of 10.0.111.120 from 10.0.111.1
Jan  1 01:00:47 linaro-server dhclient: bound to 10.0.111.120 -- renewal in 246 seconds.
Jan  1 01:04:53 linaro-server dhclient: DHCPREQUEST of 10.0.111.120 on eth0 to 10.0.111.1 port 67 (xid=0x519d4045)
Jan  1 01:04:53 linaro-server dhclient: DHCPACK of 10.0.111.120 from 10.0.111.1
Jan  1 01:04:53 linaro-server dhclient: bound to 10.0.111.120 -- renewal in 265 seconds.
Jan  1 01:07:48 linaro-server rsyslogd: [origin software="rsyslogd" swVersion="7.4.4" x-pid="1151" x-info="http://www.rsyslog.com"] exiting on signal 15.
Jan  1 00:00:07 snickerdoodle rsyslogd: [origin software="rsyslogd" swVersion="7.4.4" x-pid="1138" x-info="http://www.rsyslog.com"] start
Jan  1 00:00:07 snickerdoodle rsyslogd: rsyslogd's groupid changed to 110
Jan  1 00:00:07 snickerdoodle rsyslogd: rsyslogd's userid changed to 103
Jan  1 00:00:07 snickerdoodle kernel: [    0.000000] Booting Linux on physical CPU 0x0
Jan  1 00:00:07 snickerdoodle kernel: [    0.000000] Linux version 3.14.0-xilinx-dirty (root@ubuntu) (gcc version 4.9.1 (Sourcery CodeBench Lite 2014.11-30) ) #28 SMP PREEMPT Mon Dec 7 13:39:55 PST 2015
Jan  1 00:00:07 snickerdoodle kernel: [    0.000000] CPU: ARMv7 Processor [413fc090] revision 0 (ARMv7), cr=18c5387d
Jan  1 00:00:07 snickerdoodle kernel: [    0.000000] CPU: PIPT / VIPT nonaliasing data cache, VIPT aliasing instruction cache
Jan  1 00:00:07 snickerdoodle kernel: [    0.000000] Machine model: Xilinx Zynq
Jan  1 00:00:07 snickerdoodle kernel: [    0.000000] bootconsole [earlycon0] enabled
Jan  1 00:00:07 snickerdoodle kernel: [    0.000000] Memory policy: Data cache writealloc
Jan  1 00:00:07 snickerdoodle kernel: [    0.000000] On node 0 totalpages: 262144
Jan  1 00:00:07 snickerdoodle kernel: [    0.000000] free_area_init_node: node 0, pgdat c07f8c80, node_mem_map eeff8000
Jan  1 00:00:07 snickerdoodle kernel: [    0.000000]   Normal zone: 1520 pages used for memmap
Jan  1 00:00:07 snickerdoodle kernel: [    0.000000]   Normal zone: 0 pages reserved
Jan  1 00:00:07 snickerdoodle kernel: [    0.000000]   Normal zone: 194560 pages, LIFO batch:31
Jan  1 00:00:07 snickerdoodle kernel: [    0.000000]   HighMem zone: 528 pages used for memmap
Jan  1 00:00:07 snickerdoodle kernel: [    0.000000]   HighMem zone: 67584 pages, LIFO batch:15
Jan  1 00:00:07 snickerdoodle kernel: [    0.000000] PERCPU: Embedded 8 pages/cpu @eefd3000 s10752 r8192 d13824 u32768
Jan  1 00:00:07 snickerdoodle kernel: [    0.000000] pcpu-alloc: s10752 r8192 d13824 u32768 alloc=8*4096
Jan  1 00:00:07 snickerdoodle kernel: [    0.000000] pcpu-alloc: [0] 0 [0] 1 
Jan  1 00:00:07 snickerdoodle kernel: [    0.000000] Built 1 zonelists in Zone order, mobility grouping on.  Total pages: 260624
Jan  1 00:00:07 snickerdoodle kernel: [    0.000000] Kernel command line: console=ttyPS0,115200 root=/dev/mmcblk0p2 rw rootwait earlyprintk
Jan  1 00:00:07 snickerdoodle kernel: [    0.000000] PID hash table entries: 4096 (order: 2, 16384 bytes)
Jan  1 00:00:07 snickerdoodle kernel: [    0.000000] Dentry cache hash table entries: 131072 (order: 7, 524288 bytes)
Jan  1 00:00:07 snickerdoodle kernel: [    0.000000] Inode-cache hash table entries: 65536 (order: 6, 262144 bytes)
Jan  1 00:00:07 snickerdoodle kernel: [    0.000000] Memory: 1025844K/1048576K available (5670K kernel code, 348K rwdata, 1964K rodata, 206K init, 5340K bss, 22732K reserved, 270336K highmem)
Jan  1 00:00:07 snickerdoodle kernel: [    0.000000] Virtual kernel memory layout:
Jan  1 00:00:07 snickerdoodle kernel: [    0.000000]     vector  : 0xffff0000 - 0xffff1000   (   4 kB)
Jan  1 00:00:07 snickerdoodle kernel: [    0.000000]     fixmap  : 0xfff00000 - 0xfffe0000   ( 896 kB)
Jan  1 00:00:07 snickerdoodle kernel: [    0.000000]     vmalloc : 0xf0000000 - 0xff000000   ( 240 MB)
Jan  1 00:00:07 snickerdoodle kernel: [    0.000000]     lowmem  : 0xc0000000 - 0xef800000   ( 760 MB)
Jan  1 00:00:07 snickerdoodle kernel: [    0.000000]     pkmap   : 0xbfe00000 - 0xc0000000   (   2 MB)
Jan  1 00:00:07 snickerdoodle kernel: [    0.000000]     modules : 0xbf000000 - 0xbfe00000   (  14 MB)
Jan  1 00:00:07 snickerdoodle kernel: [    0.000000]       .text : 0xc0008000 - 0xc077cd3c   (7636 kB)
Jan  1 00:00:07 snickerdoodle kernel: [    0.000000]       .init : 0xc077d000 - 0xc07b0a00   ( 207 kB)
Jan  1 00:00:07 snickerdoodle kernel: [    0.000000]       .data : 0xc07b2000 - 0xc08092d0   ( 349 kB)
Jan  1 00:00:07 snickerdoodle kernel: [    0.000000]        .bss : 0xc08092dc - 0xc0d404a0   (5341 kB)
Jan  1 00:00:07 snickerdoodle kernel: [    0.000000] Preemptible hierarchical RCU implementation.
Jan  1 00:00:07 snickerdoodle kernel: [    0.000000] 	RCU lockdep checking is enabled.
Jan  1 00:00:07 snickerdoodle kernel: [    0.000000] 	Dump stacks of tasks blocking RCU-preempt GP.
Jan  1 00:00:07 snickerdoodle kernel: [    0.000000] 	RCU restricting CPUs from NR_CPUS=4 to nr_cpu_ids=2.
Jan  1 00:00:07 snickerdoodle kernel: [    0.000000] RCU: Adjusting geometry for rcu_fanout_leaf=16, nr_cpu_ids=2
Jan  1 00:00:07 snickerdoodle kernel: [    0.000000] NR_IRQS:16 nr_irqs:16 16
Jan  1 00:00:07 snickerdoodle kernel: [    0.000000] ps7-slcr mapped to f0004000
Jan  1 00:00:07 snickerdoodle kernel: [    0.000000] zynq_clock_init: clkc starts at f0004100
Jan  1 00:00:07 snickerdoodle kernel: [    0.000000] Zynq clock init
Jan  1 00:00:07 snickerdoodle kernel: [    0.000016] sched_clock: 64 bits at 333MHz, resolution 3ns, wraps every 3298534883328ns
Jan  1 00:00:07 snickerdoodle kernel: [    0.008524] ps7-ttc #0 at f0006000, irq=43
Jan  1 00:00:07 snickerdoodle kernel: [    0.013576] Console: colour dummy device 80x30
Jan  1 00:00:07 snickerdoodle kernel: [    0.017916] Lock dependency validator: Copyright (c) 2006 Red Hat, Inc., Ingo Molnar
Jan  1 00:00:07 snickerdoodle kernel: [    0.025979] ... MAX_LOCKDEP_SUBCLASSES:  8
Jan  1 00:00:07 snickerdoodle kernel: [    0.029998] ... MAX_LOCK_DEPTH:          48
Jan  1 00:00:07 snickerdoodle kernel: [    0.034168] ... MAX_LOCKDEP_KEYS:        8191
Jan  1 00:00:07 snickerdoodle kernel: [    0.038588] ... CLASSHASH_SIZE:          4096
Jan  1 00:00:07 snickerdoodle kernel: [    0.042939] ... MAX_LOCKDEP_ENTRIES:     16384
Jan  1 00:00:07 snickerdoodle kernel: [    0.047410] ... MAX_LOCKDEP_CHAINS:      32768
Jan  1 00:00:07 snickerdoodle kernel: [    0.051917] ... CHAINHASH_SIZE:          16384
Jan  1 00:00:07 snickerdoodle kernel: [    0.056355]  memory used by lock dependency info: 3695 kB
Jan  1 00:00:07 snickerdoodle kernel: [    0.061805]  per task-struct memory footprint: 1152 bytes
Jan  1 00:00:07 snickerdoodle kernel: [    0.067261] Calibrating delay loop... 1325.46 BogoMIPS (lpj=6627328)
Jan  1 00:00:07 snickerdoodle kernel: [    0.110960] pid_max: default: 32768 minimum: 301
Jan  1 00:00:07 snickerdoodle kernel: [    0.116310] Mount-cache hash table entries: 2048 (order: 1, 8192 bytes)
Jan  1 00:00:07 snickerdoodle kernel: [    0.122851] Mountpoint-cache hash table entries: 2048 (order: 1, 8192 bytes)
Jan  1 00:00:07 snickerdoodle kernel: [    0.138740] CPU: Testing write buffer coherency: ok
Jan  1 00:00:07 snickerdoodle kernel: [    0.144986] CPU0: thread -1, cpu 0, socket 0, mpidr 80000000
Jan  1 00:00:07 snickerdoodle kernel: [    0.150627] Setting up static identity map for 0x565510 - 0x565568
Jan  1 00:00:07 snickerdoodle kernel: [    0.157025] L310 cache controller enabled
Jan  1 00:00:07 snickerdoodle kernel: [    0.160976] l2x0: 8 ways, CACHE_ID 0x410000c8, AUX_CTRL 0x72760000, Cache size: 512 kB
Jan  1 00:00:07 snickerdoodle kernel: [    0.250423] CPU1: Booted secondary processor
Jan  1 00:00:07 snickerdoodle kernel: [    0.338285] CPU1: thread -1, cpu 1, socket 0, mpidr 80000001
Jan  1 00:00:07 snickerdoodle kernel: [    0.339272] Brought up 2 CPUs
Jan  1 00:00:07 snickerdoodle kernel: [    0.352139] SMP: Total of 2 processors activated.
Jan  1 00:00:07 snickerdoodle kernel: [    0.356841] CPU: All CPU(s) started in SVC mode.
Jan  1 00:00:07 snickerdoodle kernel: [    0.364916] devtmpfs: initialized
Jan  1 00:00:07 snickerdoodle kernel: [    0.375657] VFP support v0.3: implementor 41 architecture 3 part 30 variant 9 rev 4
Jan  1 00:00:07 snickerdoodle kernel: [    0.389931] regulator-dummy: no parameters
Jan  1 00:00:07 snickerdoodle kernel: [    0.396284] NET: Registered protocol family 16
Jan  1 00:00:07 snickerdoodle kernel: [    0.401895] DMA: preallocated 256 KiB pool for atomic coherent allocations
Jan  1 00:00:07 snickerdoodle kernel: [    0.415533] cpuidle: using governor ladder
Jan  1 00:00:07 snickerdoodle kernel: [    0.419512] cpuidle: using governor menu
Jan  1 00:00:07 snickerdoodle kernel: [    0.450726] syscon f8000000.ps7-slcr: regmap [mem 0xf8000000-0xf8000fff] registered
Jan  1 00:00:07 snickerdoodle kernel: [    0.463664] hw-breakpoint: found 5 (+1 reserved) breakpoint and 1 watchpoint registers.
Jan  1 00:00:07 snickerdoodle kernel: [    0.471764] hw-breakpoint: maximum watchpoint size is 4 bytes.
Jan  1 00:00:07 snickerdoodle kernel: [    0.477934] zynq-ocm f800c000.ps7-ocmc: ZYNQ OCM pool: 256 KiB @ 0xf0080000
Jan  1 00:00:07 snickerdoodle kernel: [    0.559401] bio: create slab <bio-0> at 0
Jan  1 00:00:07 snickerdoodle kernel: [    0.566873] wlan-en-regulator: 3300 mV 
Jan  1 00:00:07 snickerdoodle kernel: [    0.573755] vgaarb: loaded
Jan  1 00:00:07 snickerdoodle kernel: [    0.578314] SCSI subsystem initialized
Jan  1 00:00:07 snickerdoodle kernel: [    0.584460] usbcore: registered new interface driver usbfs
Jan  1 00:00:07 snickerdoodle kernel: [    0.590337] usbcore: registered new interface driver hub
Jan  1 00:00:07 snickerdoodle kernel: [    0.596087] usbcore: registered new device driver usb
Jan  1 00:00:07 snickerdoodle kernel: [    0.602571] media: Linux media interface: v0.10
Jan  1 00:00:07 snickerdoodle kernel: [    0.607399] Linux video capture interface: v2.00
Jan  1 00:00:07 snickerdoodle kernel: [    0.612735] pps_core: LinuxPPS API ver. 1 registered
Jan  1 00:00:07 snickerdoodle kernel: [    0.617567] pps_core: Software ver. 5.3.6 - Copyright 2005-2007 Rodolfo Giometti <giometti@linux.it>
Jan  1 00:00:07 snickerdoodle kernel: [    0.627118] PTP clock support registered
Jan  1 00:00:07 snickerdoodle kernel: [    0.631974] EDAC MC: Ver: 3.0.0
Jan  1 00:00:07 snickerdoodle kernel: [    0.641963] Bluetooth: Core ver 2.18
Jan  1 00:00:07 snickerdoodle kernel: [    0.645822] NET: Registered protocol family 31
Jan  1 00:00:07 snickerdoodle kernel: [    0.650213] Bluetooth: HCI device and connection manager initialized
Jan  1 00:00:07 snickerdoodle kernel: [    0.656612] Bluetooth: HCI socket layer initialized
Jan  1 00:00:07 snickerdoodle kernel: [    0.661481] Bluetooth: L2CAP socket layer initialized
Jan  1 00:00:07 snickerdoodle kernel: [    0.666604] Bluetooth: SCO socket layer initialized
Jan  1 00:00:07 snickerdoodle kernel: [    0.673366] cfg80211: Calling CRDA to update world regulatory domain
Jan  1 00:00:07 snickerdoodle kernel: [    0.686340] DMA-API: preallocated 4096 debug entries
Jan  1 00:00:07 snickerdoodle kernel: [    0.691243] DMA-API: debugging enabled by kernel config
Jan  1 00:00:07 snickerdoodle kernel: [    0.696971] Switched to clocksource arm_global_timer
Jan  1 00:00:07 snickerdoodle kernel: [    0.759845] NET: Registered protocol family 2
Jan  1 00:00:07 snickerdoodle kernel: [    0.766416] TCP established hash table entries: 8192 (order: 3, 32768 bytes)
Jan  1 00:00:07 snickerdoodle kernel: [    0.774038] TCP bind hash table entries: 8192 (order: 6, 294912 bytes)
Jan  1 00:00:07 snickerdoodle kernel: [    0.784091] TCP: Hash tables configured (established 8192 bind 8192)
Jan  1 00:00:07 snickerdoodle kernel: [    0.790626] TCP: reno registered
Jan  1 00:00:07 snickerdoodle kernel: [    0.793768] UDP hash table entries: 512 (order: 3, 40960 bytes)
Jan  1 00:00:07 snickerdoodle kernel: [    0.800220] UDP-Lite hash table entries: 512 (order: 3, 40960 bytes)
Jan  1 00:00:07 snickerdoodle kernel: [    0.808055] NET: Registered protocol family 1
Jan  1 00:00:07 snickerdoodle kernel: [    0.813939] RPC: Registered named UNIX socket transport module.
Jan  1 00:00:07 snickerdoodle kernel: [    0.819821] RPC: Registered udp transport module.
Jan  1 00:00:07 snickerdoodle kernel: [    0.824458] RPC: Registered tcp transport module.
Jan  1 00:00:07 snickerdoodle kernel: [    0.829236] RPC: Registered tcp NFSv4.1 backchannel transport module.
Jan  1 00:00:07 snickerdoodle kernel: [    0.835643] PCI: CLS 0 bytes, default 64
Jan  1 00:00:07 snickerdoodle kernel: [    0.837035] hw perfevents: enabled with ARMv7 Cortex-A9 PMU driver, 7 counters available
Jan  1 00:00:07 snickerdoodle kernel: [    0.850901] futex hash table entries: 512 (order: 3, 32768 bytes)
Jan  1 00:00:07 snickerdoodle kernel: [    0.860946] bounce pool size: 64 pages
Jan  1 00:00:07 snickerdoodle kernel: [    0.868327] jffs2: version 2.2. (NAND) (SUMMARY)  © 2001-2006 Red Hat, Inc.
Jan  1 00:00:07 snickerdoodle kernel: [    0.875831] msgmni has been set to 1475
Jan  1 00:00:07 snickerdoodle kernel: [    0.882217] io scheduler noop registered
Jan  1 00:00:07 snickerdoodle kernel: [    0.886026] io scheduler deadline registered
Jan  1 00:00:07 snickerdoodle kernel: [    0.890486] io scheduler cfq registered (default)
Jan  1 00:00:07 snickerdoodle kernel: [    0.911554] dma-pl330 f8003000.ps7-dma: Loaded driver for PL330 DMAC-267056
Jan  1 00:00:07 snickerdoodle kernel: [    0.918495] dma-pl330 f8003000.ps7-dma: 	DBUFF-128x8bytes Num_Chans-8 Num_Peri-4 Num_Events-16
Jan  1 00:00:07 snickerdoodle kernel: [    0.930224] xuartps e0001000.serial: clock name 'aper_clk' is deprecated.
Jan  1 00:00:07 snickerdoodle kernel: [    0.937086] xuartps e0001000.serial: clock name 'ref_clk' is deprecated.
Jan  1 00:00:07 snickerdoodle kernel: [    0.944203] e0001000.serial: ttyPS0 at MMIO 0xe0001000 (irq = 82, base_baud = 3124999) is a xuartps
Jan  1 00:00:07 snickerdoodle kernel: [    0.953520] console [ttyPS0] enabled
Jan  1 00:00:07 snickerdoodle kernel: [    0.960645] bootconsole [earlycon0] disabled
Jan  1 00:00:07 snickerdoodle kernel: [    0.971398] xuartps e0000000.serial: clock name 'aper_clk' is deprecated.
Jan  1 00:00:07 snickerdoodle kernel: [    0.978200] xuartps e0000000.serial: clock name 'ref_clk' is deprecated.
Jan  1 00:00:07 snickerdoodle kernel: [    0.984986] e0000000.serial: ttyPS1 at MMIO 0xe0000000 (irq = 59, base_baud = 3124999) is a xuartps
Jan  1 00:00:07 snickerdoodle kernel: [    0.995943] xdevcfg f8007000.ps7-dev-cfg: ioremap 0xf8007000 to f0068000
Jan  1 00:00:07 snickerdoodle kernel: [    1.037292] brd: module loaded
Jan  1 00:00:07 snickerdoodle kernel: [    1.059512] loop: module loaded
Jan  1 00:00:07 snickerdoodle kernel: [    1.075509] m25p80 spi0.0: found s25fl128s1, expected n25q128
Jan  1 00:00:07 snickerdoodle kernel: [    1.081499] m25p80 spi0.0: s25fl128s1 (16384 Kbytes)
Jan  1 00:00:07 snickerdoodle kernel: [    1.086544] 5 ofpart partitions found on MTD device spi0.0
Jan  1 00:00:07 snickerdoodle kernel: [    1.092017] Creating 5 MTD partitions on "spi0.0":
Jan  1 00:00:07 snickerdoodle kernel: [    1.096737] 0x000000000000-0x000000100000 : "qspi-fsbl-uboot"
Jan  1 00:00:07 snickerdoodle kernel: [    1.110916] 0x000000100000-0x000000600000 : "qspi-linux"
Jan  1 00:00:07 snickerdoodle kernel: [    1.121115] 0x000000600000-0x000000620000 : "qspi-device-tree"
Jan  1 00:00:07 snickerdoodle kernel: [    1.131863] 0x000000620000-0x000000c00000 : "qspi-rootfs"
Jan  1 00:00:07 snickerdoodle kernel: [    1.142217] 0x000000c00000-0x000001000000 : "qspi-bitstream"
Jan  1 00:00:07 snickerdoodle kernel: [    1.162173] e1000e: Intel(R) PRO/1000 Network Driver - 2.3.2-k
Jan  1 00:00:07 snickerdoodle kernel: [    1.168041] e1000e: Copyright(c) 1999 - 2013 Intel Corporation.
Jan  1 00:00:07 snickerdoodle kernel: [    1.179892] libphy: XEMACPS mii bus: probed
Jan  1 00:00:07 snickerdoodle kernel: [    1.186444] xemacps e000b000.ps7-ethernet: pdev->id -1, baseaddr 0xe000b000, irq 54
Jan  1 00:00:07 snickerdoodle kernel: [    1.198064] ehci_hcd: USB 2.0 'Enhanced' Host Controller (EHCI) Driver
Jan  1 00:00:07 snickerdoodle kernel: [    1.205003] ehci-pci: EHCI PCI platform driver
Jan  1 00:00:07 snickerdoodle kernel: [    1.210225] ULPI transceiver vendor/product ID 0x0424/0x0007
Jan  1 00:00:07 snickerdoodle kernel: [    1.215806] Found SMSC USB3320 ULPI transceiver.
Jan  1 00:00:07 snickerdoodle kernel: [    1.220488] ULPI integrity check: passed.
Jan  1 00:00:07 snickerdoodle kernel: [    1.225305] zynq-ehci zynq-ehci.0: Xilinx Zynq USB EHCI Host Controller
Jan  1 00:00:07 snickerdoodle kernel: [    1.232817] zynq-ehci zynq-ehci.0: new USB bus registered, assigned bus number 1
Jan  1 00:00:07 snickerdoodle kernel: [    1.267081] zynq-ehci zynq-ehci.0: irq 53, io mem 0x00000000
Jan  1 00:00:07 snickerdoodle kernel: [    1.287048] zynq-ehci zynq-ehci.0: USB 2.0 started, EHCI 1.00
Jan  1 00:00:07 snickerdoodle kernel: [    1.299846] hub 1-0:1.0: USB hub found
Jan  1 00:00:07 snickerdoodle kernel: [    1.303829] hub 1-0:1.0: 1 port detected
Jan  1 00:00:07 snickerdoodle kernel: [    1.311880] usbcore: registered new interface driver usb-storage
Jan  1 00:00:07 snickerdoodle kernel: [    1.320759] mousedev: PS/2 mouse device common for all mice
Jan  1 00:00:07 snickerdoodle kernel: [    1.328417] i2c /dev entries driver
Jan  1 00:00:07 snickerdoodle kernel: [    1.341609] Bluetooth: HCI UART driver ver 2.2
Jan  1 00:00:07 snickerdoodle kernel: [    1.345975] Bluetooth: HCI H4 protocol initialized
Jan  1 00:00:07 snickerdoodle kernel: [    1.350833] Bluetooth: HCI BCSP protocol initialized
Jan  1 00:00:07 snickerdoodle kernel: [    1.355718] Bluetooth: HCILL protocol initialized
Jan  1 00:00:07 snickerdoodle kernel: [    1.360459] Bluetooth: HCIATH3K protocol initialized
Jan  1 00:00:07 snickerdoodle kernel: [    1.365353] Bluetooth: HCI Three-wire UART (H5) protocol initialized
Jan  1 00:00:07 snickerdoodle kernel: [    1.372002] zynq-edac f8006000.ps7-ddrc: ecc not enabled
Jan  1 00:00:07 snickerdoodle kernel: [    1.378240] cpufreq_cpu0: failed to get cpu0 regulator: -19
Jan  1 00:00:07 snickerdoodle kernel: [    1.386648] Xilinx Zynq CpuIdle Driver started
Jan  1 00:00:07 snickerdoodle kernel: [    1.393070] sdhci: Secure Digital Host Controller Interface driver
Jan  1 00:00:07 snickerdoodle kernel: [    1.399229] sdhci: Copyright(c) Pierre Ossman
Jan  1 00:00:07 snickerdoodle kernel: [    1.403510] sdhci-pltfm: SDHCI platform and OF driver helper
Jan  1 00:00:07 snickerdoodle kernel: [    1.410813] mmc0: no vqmmc regulator found
Jan  1 00:00:07 snickerdoodle kernel: [    1.414839] mmc0: no vmmc regulator found
Jan  1 00:00:07 snickerdoodle kernel: [    1.456967] mmc0: SDHCI controller on e0100000.ps7-sdio [e0100000.ps7-sdio] using ADMA
Jan  1 00:00:07 snickerdoodle kernel: [    1.465119] mmc1: no vqmmc regulator found
Jan  1 00:00:07 snickerdoodle kernel: [    1.507712] mmc0: new high speed SDHC card at address aaaa
Jan  1 00:00:07 snickerdoodle kernel: [    1.515722] mmcblk0: mmc0:aaaa SE16G 14.8 GiB 
Jan  1 00:00:07 snickerdoodle kernel: [    1.525958]  mmcblk0: p1 p2
Jan  1 00:00:07 snickerdoodle kernel: [    1.586967] mmc1: SDHCI controller on e0101000.ps7-sdio [e0101000.ps7-sdio] using ADMA
Jan  1 00:00:07 snickerdoodle kernel: [    1.598033] sdhci-arasan e0101000.ps7-sdio: card claims to support voltages below defined range
Jan  1 00:00:07 snickerdoodle kernel: [    1.599491] usbcore: registered new interface driver usbhid
Jan  1 00:00:07 snickerdoodle kernel: [    1.599496] usbhid: USB HID core driver
Jan  1 00:00:07 snickerdoodle kernel: [    1.616790] TCP: cubic registered
Jan  1 00:00:07 snickerdoodle kernel: [    1.620163] NET: Registered protocol family 17
Jan  1 00:00:07 snickerdoodle kernel: [    1.624916] Bluetooth: RFCOMM TTY layer initialized
Jan  1 00:00:07 snickerdoodle kernel: [    1.629882] Bluetooth: RFCOMM socket layer initialized
Jan  1 00:00:07 snickerdoodle kernel: [    1.634981] Bluetooth: RFCOMM ver 1.11
Jan  1 00:00:07 snickerdoodle kernel: [    1.638754] Bluetooth: BNEP (Ethernet Emulation) ver 1.3
Jan  1 00:00:07 snickerdoodle kernel: [    1.644017] Bluetooth: BNEP socket layer initialized
Jan  1 00:00:07 snickerdoodle kernel: [    1.648978] Bluetooth: HIDP (Human Interface Emulation) ver 1.2
Jan  1 00:00:07 snickerdoodle kernel: [    1.654854] Bluetooth: HIDP socket layer initialized
Jan  1 00:00:07 snickerdoodle kernel: [    1.659763] mmc1: queuing unknown CIS tuple 0x91 (3 bytes)
Jan  1 00:00:07 snickerdoodle kernel: [    1.665675] Registering SWP/SWPB emulation handler
Jan  1 00:00:07 snickerdoodle kernel: [    1.673307] regulator-dummy: disabling
Jan  1 00:00:07 snickerdoodle kernel: [    1.677891] drivers/rtc/hctosys.c: unable to open rtc device (rtc0)
Jan  1 00:00:07 snickerdoodle kernel: [    1.679420] mmc1: new SDIO card at address 0001
Jan  1 00:00:07 snickerdoodle kernel: [    1.692816] wl18xx_driver wl18xx.0.auto: Direct firmware load failed with error -2
Jan  1 00:00:07 snickerdoodle kernel: [    1.700500] wl18xx_driver wl18xx.0.auto: Falling back to user helper
Jan  1 00:00:07 snickerdoodle kernel: [    1.720171] EXT3-fs (mmcblk0p2): error: couldn't mount because of unsupported optional features (240)
Jan  1 00:00:07 snickerdoodle kernel: [    1.732208] EXT2-fs (mmcblk0p2): error: couldn't mount because of unsupported optional features (240)
Jan  1 00:00:07 snickerdoodle kernel: [    1.811256] EXT4-fs (mmcblk0p2): mounted filesystem with ordered data mode. Opts: (null)
Jan  1 00:00:07 snickerdoodle kernel: [    1.819500] VFS: Mounted root (ext4 filesystem) on device 179:2.
Jan  1 00:00:07 snickerdoodle kernel: [    1.829337] devtmpfs: mounted
Jan  1 00:00:07 snickerdoodle kernel: [    1.832738] Freeing unused kernel memory: 204K (c077d000 - c07b0000)
Jan  1 00:00:07 snickerdoodle kernel: [    2.296973] random: init urandom read with 29 bits of entropy available
Jan  1 00:00:07 snickerdoodle kernel: [    5.834482] wl18xx_driver wl18xx.0.auto: Direct firmware load failed with error -2
Jan  1 00:00:07 snickerdoodle kernel: [    5.834504] wl18xx_driver wl18xx.0.auto: Falling back to user helper
Jan  1 00:00:07 snickerdoodle kernel: [    5.864506] wlcore: ERROR could not get configuration binary ti-connectivity/wl18xx-conf.bin: -2
Jan  1 00:00:07 snickerdoodle kernel: [    5.873639] wlcore: WARNING falling back to default config
Jan  1 00:00:07 snickerdoodle kernel: [    6.159483] wlcore: wl18xx HW: 183x or 180x, PG 2.2 (ROM 0x11)
Jan  1 00:00:07 snickerdoodle kernel: [    6.274088] wlcore: loaded
Jan  1 00:00:07 snickerdoodle kernel: [    6.274183] wlcore: driver version: xilinx-v2014.2.01-dirty
Jan  1 00:00:07 snickerdoodle kernel: [    6.274196] wlcore: compilation time: timestamp not possible with gcc 4.9
Jan  1 00:00:07 snickerdoodle kernel: [    6.808295] random: nonblocking pool is initialized
Jan  1 00:00:07 snickerdoodle rsyslogd-2039: Could no open output pipe '/dev/xconsole': No such file or directory [try http://www.rsyslog.com/e/2039 ]
Jan  1 00:00:09 snickerdoodle ntpdate[1237]: name server cannot be used: Temporary failure in name resolution (-3)
Jan  1 00:00:09 snickerdoodle cron[1261]: (CRON) INFO (pidfile fd = 3)
Jan  1 00:00:10 snickerdoodle cron[1295]: (CRON) STARTUP (fork ok)
Jan  1 00:00:10 snickerdoodle cron[1295]: (CRON) INFO (Running @reboot jobs)
Jan  1 00:00:10 snickerdoodle failsafe: Failsafe of 120 seconds reached.
Jan  1 00:00:14 snickerdoodle /etc/mysql/debian-start[1506]: Upgrading MySQL tables if necessary.
Jan  1 00:00:15 snickerdoodle /etc/mysql/debian-start[1511]: /usr/bin/mysql_upgrade: the '--basedir' option is always ignored
Jan  1 00:00:15 snickerdoodle /etc/mysql/debian-start[1511]: Looking for 'mysql' as: /usr/bin/mysql
Jan  1 00:00:15 snickerdoodle /etc/mysql/debian-start[1511]: Looking for 'mysqlcheck' as: /usr/bin/mysqlcheck
Jan  1 00:00:15 snickerdoodle /etc/mysql/debian-start[1511]: FATAL ERROR: Upgrade failed
Jan  1 00:00:15 snickerdoodle /etc/mysql/debian-start[1540]: Checking for insecure root accounts.
Jan  1 00:09:01 snickerdoodle CRON[1933]: (root) CMD (  [ -x /usr/lib/php5/maxlifetime ] && [ -x /usr/lib/php5/sessionclean ] && [ -d /var/lib/php5 ] && /usr/lib/php5/sessionclean /var/lib/php5 $(/usr/lib/php5/maxlifetime))
Jan  1 00:17:01 snickerdoodle CRON[1969]: (root) CMD (   cd / && run-parts --report /etc/cron.hourly)
Jan  1 00:39:01 snickerdoodle CRON[2068]: (root) CMD (  [ -x /usr/lib/php5/maxlifetime ] && [ -x /usr/lib/php5/sessionclean ] && [ -d /var/lib/php5 ] && /usr/lib/php5/sessionclean /var/lib/php5 $(/usr/lib/php5/maxlifetime))
Jan  1 01:09:01 snickerdoodle CRON[2414]: (root) CMD (  [ -x /usr/lib/php5/maxlifetime ] && [ -x /usr/lib/php5/sessionclean ] && [ -d /var/lib/php5 ] && /usr/lib/php5/sessionclean /var/lib/php5 $(/usr/lib/php5/maxlifetime))
Jan  1 01:17:01 snickerdoodle CRON[2540]: (root) CMD (   cd / && run-parts --report /etc/cron.hourly)
Jan  1 01:18:20 snickerdoodle rsyslogd: [origin software="rsyslogd" swVersion="7.4.4" x-pid="1138" x-info="http://www.rsyslog.com"] exiting on signal 15.
Jan  1 00:00:07 snickerdoodle rsyslogd: [origin software="rsyslogd" swVersion="7.4.4" x-pid="1145" x-info="http://www.rsyslog.com"] start
Jan  1 00:00:07 snickerdoodle rsyslogd: rsyslogd's groupid changed to 110
Jan  1 00:00:07 snickerdoodle rsyslogd: rsyslogd's userid changed to 103
Jan  1 00:00:07 snickerdoodle kernel: [    0.000000] Booting Linux on physical CPU 0x0
Jan  1 00:00:07 snickerdoodle kernel: [    0.000000] Linux version 3.14.0-xilinx-dirty (root@ubuntu) (gcc version 4.9.1 (Sourcery CodeBench Lite 2014.11-30) ) #28 SMP PREEMPT Mon Dec 7 13:39:55 PST 2015
Jan  1 00:00:07 snickerdoodle kernel: [    0.000000] CPU: ARMv7 Processor [413fc090] revision 0 (ARMv7), cr=18c5387d
Jan  1 00:00:07 snickerdoodle kernel: [    0.000000] CPU: PIPT / VIPT nonaliasing data cache, VIPT aliasing instruction cache
Jan  1 00:00:07 snickerdoodle kernel: [    0.000000] Machine model: Xilinx Zynq
Jan  1 00:00:07 snickerdoodle kernel: [    0.000000] bootconsole [earlycon0] enabled
Jan  1 00:00:07 snickerdoodle kernel: [    0.000000] Memory policy: Data cache writealloc
Jan  1 00:00:07 snickerdoodle kernel: [    0.000000] On node 0 totalpages: 262144
Jan  1 00:00:07 snickerdoodle kernel: [    0.000000] free_area_init_node: node 0, pgdat c07f8c80, node_mem_map eeff8000
Jan  1 00:00:07 snickerdoodle kernel: [    0.000000]   Normal zone: 1520 pages used for memmap
Jan  1 00:00:07 snickerdoodle kernel: [    0.000000]   Normal zone: 0 pages reserved
Jan  1 00:00:07 snickerdoodle kernel: [    0.000000]   Normal zone: 194560 pages, LIFO batch:31
Jan  1 00:00:07 snickerdoodle kernel: [    0.000000]   HighMem zone: 528 pages used for memmap
Jan  1 00:00:07 snickerdoodle kernel: [    0.000000]   HighMem zone: 67584 pages, LIFO batch:15
Jan  1 00:00:07 snickerdoodle kernel: [    0.000000] PERCPU: Embedded 8 pages/cpu @eefd3000 s10752 r8192 d13824 u32768
Jan  1 00:00:07 snickerdoodle kernel: [    0.000000] pcpu-alloc: s10752 r8192 d13824 u32768 alloc=8*4096
Jan  1 00:00:07 snickerdoodle kernel: [    0.000000] pcpu-alloc: [0] 0 [0] 1 
Jan  1 00:00:07 snickerdoodle kernel: [    0.000000] Built 1 zonelists in Zone order, mobility grouping on.  Total pages: 260624
Jan  1 00:00:07 snickerdoodle kernel: [    0.000000] Kernel command line: console=ttyPS0,115200 root=/dev/mmcblk0p2 rw rootwait earlyprintk
Jan  1 00:00:07 snickerdoodle kernel: [    0.000000] PID hash table entries: 4096 (order: 2, 16384 bytes)
Jan  1 00:00:07 snickerdoodle kernel: [    0.000000] Dentry cache hash table entries: 131072 (order: 7, 524288 bytes)
Jan  1 00:00:07 snickerdoodle kernel: [    0.000000] Inode-cache hash table entries: 65536 (order: 6, 262144 bytes)
Jan  1 00:00:07 snickerdoodle kernel: [    0.000000] Memory: 1025844K/1048576K available (5670K kernel code, 348K rwdata, 1964K rodata, 206K init, 5340K bss, 22732K reserved, 270336K highmem)
Jan  1 00:00:07 snickerdoodle kernel: [    0.000000] Virtual kernel memory layout:
Jan  1 00:00:07 snickerdoodle kernel: [    0.000000]     vector  : 0xffff0000 - 0xffff1000   (   4 kB)
Jan  1 00:00:07 snickerdoodle kernel: [    0.000000]     fixmap  : 0xfff00000 - 0xfffe0000   ( 896 kB)
Jan  1 00:00:07 snickerdoodle kernel: [    0.000000]     vmalloc : 0xf0000000 - 0xff000000   ( 240 MB)
Jan  1 00:00:07 snickerdoodle kernel: [    0.000000]     lowmem  : 0xc0000000 - 0xef800000   ( 760 MB)
Jan  1 00:00:07 snickerdoodle kernel: [    0.000000]     pkmap   : 0xbfe00000 - 0xc0000000   (   2 MB)
Jan  1 00:00:07 snickerdoodle kernel: [    0.000000]     modules : 0xbf000000 - 0xbfe00000   (  14 MB)
Jan  1 00:00:07 snickerdoodle kernel: [    0.000000]       .text : 0xc0008000 - 0xc077cd3c   (7636 kB)
Jan  1 00:00:07 snickerdoodle kernel: [    0.000000]       .init : 0xc077d000 - 0xc07b0a00   ( 207 kB)
Jan  1 00:00:07 snickerdoodle kernel: [    0.000000]       .data : 0xc07b2000 - 0xc08092d0   ( 349 kB)
Jan  1 00:00:07 snickerdoodle kernel: [    0.000000]        .bss : 0xc08092dc - 0xc0d404a0   (5341 kB)
Jan  1 00:00:07 snickerdoodle kernel: [    0.000000] Preemptible hierarchical RCU implementation.
Jan  1 00:00:07 snickerdoodle kernel: [    0.000000] 	RCU lockdep checking is enabled.
Jan  1 00:00:07 snickerdoodle kernel: [    0.000000] 	Dump stacks of tasks blocking RCU-preempt GP.
Jan  1 00:00:07 snickerdoodle kernel: [    0.000000] 	RCU restricting CPUs from NR_CPUS=4 to nr_cpu_ids=2.
Jan  1 00:00:07 snickerdoodle kernel: [    0.000000] RCU: Adjusting geometry for rcu_fanout_leaf=16, nr_cpu_ids=2
Jan  1 00:00:07 snickerdoodle kernel: [    0.000000] NR_IRQS:16 nr_irqs:16 16
Jan  1 00:00:07 snickerdoodle kernel: [    0.000000] ps7-slcr mapped to f0004000
Jan  1 00:00:07 snickerdoodle kernel: [    0.000000] zynq_clock_init: clkc starts at f0004100
Jan  1 00:00:07 snickerdoodle kernel: [    0.000000] Zynq clock init
Jan  1 00:00:07 snickerdoodle kernel: [    0.000016] sched_clock: 64 bits at 333MHz, resolution 3ns, wraps every 3298534883328ns
Jan  1 00:00:07 snickerdoodle kernel: [    0.008526] ps7-ttc #0 at f0006000, irq=43
Jan  1 00:00:07 snickerdoodle kernel: [    0.013581] Console: colour dummy device 80x30
Jan  1 00:00:07 snickerdoodle kernel: [    0.017916] Lock dependency validator: Copyright (c) 2006 Red Hat, Inc., Ingo Molnar
Jan  1 00:00:07 snickerdoodle kernel: [    0.025983] ... MAX_LOCKDEP_SUBCLASSES:  8
Jan  1 00:00:07 snickerdoodle kernel: [    0.030006] ... MAX_LOCK_DEPTH:          48
Jan  1 00:00:07 snickerdoodle kernel: [    0.034177] ... MAX_LOCKDEP_KEYS:        8191
Jan  1 00:00:07 snickerdoodle kernel: [    0.038598] ... CLASSHASH_SIZE:          4096
Jan  1 00:00:07 snickerdoodle kernel: [    0.042948] ... MAX_LOCKDEP_ENTRIES:     16384
Jan  1 00:00:07 snickerdoodle kernel: [    0.047420] ... MAX_LOCKDEP_CHAINS:      32768
Jan  1 00:00:07 snickerdoodle kernel: [    0.051925] ... CHAINHASH_SIZE:          16384
Jan  1 00:00:07 snickerdoodle kernel: [    0.056364]  memory used by lock dependency info: 3695 kB
Jan  1 00:00:07 snickerdoodle kernel: [    0.061814]  per task-struct memory footprint: 1152 bytes
Jan  1 00:00:07 snickerdoodle kernel: [    0.067269] Calibrating delay loop... 1325.46 BogoMIPS (lpj=6627328)
Jan  1 00:00:07 snickerdoodle kernel: [    0.110961] pid_max: default: 32768 minimum: 301
Jan  1 00:00:07 snickerdoodle kernel: [    0.116308] Mount-cache hash table entries: 2048 (order: 1, 8192 bytes)
Jan  1 00:00:07 snickerdoodle kernel: [    0.122853] Mountpoint-cache hash table entries: 2048 (order: 1, 8192 bytes)
Jan  1 00:00:07 snickerdoodle kernel: [    0.138721] CPU: Testing write buffer coherency: ok
Jan  1 00:00:07 snickerdoodle kernel: [    0.144970] CPU0: thread -1, cpu 0, socket 0, mpidr 80000000
Jan  1 00:00:07 snickerdoodle kernel: [    0.150612] Setting up static identity map for 0x565510 - 0x565568
Jan  1 00:00:07 snickerdoodle kernel: [    0.157009] L310 cache controller enabled
Jan  1 00:00:07 snickerdoodle kernel: [    0.160959] l2x0: 8 ways, CACHE_ID 0x410000c8, AUX_CTRL 0x72760000, Cache size: 512 kB
Jan  1 00:00:07 snickerdoodle kernel: [    0.250430] CPU1: Booted secondary processor
Jan  1 00:00:07 snickerdoodle kernel: [    0.338286] CPU1: thread -1, cpu 1, socket 0, mpidr 80000001
Jan  1 00:00:07 snickerdoodle kernel: [    0.339271] Brought up 2 CPUs
Jan  1 00:00:07 snickerdoodle kernel: [    0.352132] SMP: Total of 2 processors activated.
Jan  1 00:00:07 snickerdoodle kernel: [    0.356834] CPU: All CPU(s) started in SVC mode.
Jan  1 00:00:07 snickerdoodle kernel: [    0.364904] devtmpfs: initialized
Jan  1 00:00:07 snickerdoodle kernel: [    0.375655] VFP support v0.3: implementor 41 architecture 3 part 30 variant 9 rev 4
Jan  1 00:00:07 snickerdoodle kernel: [    0.389922] regulator-dummy: no parameters
Jan  1 00:00:07 snickerdoodle kernel: [    0.396268] NET: Registered protocol family 16
Jan  1 00:00:07 snickerdoodle kernel: [    0.401887] DMA: preallocated 256 KiB pool for atomic coherent allocations
Jan  1 00:00:07 snickerdoodle kernel: [    0.415437] cpuidle: using governor ladder
Jan  1 00:00:07 snickerdoodle kernel: [    0.419483] cpuidle: using governor menu
Jan  1 00:00:07 snickerdoodle kernel: [    0.449873] syscon f8000000.ps7-slcr: regmap [mem 0xf8000000-0xf8000fff] registered
Jan  1 00:00:07 snickerdoodle kernel: [    0.463219] hw-breakpoint: found 5 (+1 reserved) breakpoint and 1 watchpoint registers.
Jan  1 00:00:07 snickerdoodle kernel: [    0.471552] hw-breakpoint: maximum watchpoint size is 4 bytes.
Jan  1 00:00:07 snickerdoodle kernel: [    0.477723] zynq-ocm f800c000.ps7-ocmc: ZYNQ OCM pool: 256 KiB @ 0xf0080000
Jan  1 00:00:07 snickerdoodle kernel: [    0.559225] bio: create slab <bio-0> at 0
Jan  1 00:00:07 snickerdoodle kernel: [    0.566718] wlan-en-regulator: 3300 mV 
Jan  1 00:00:07 snickerdoodle kernel: [    0.573654] vgaarb: loaded
Jan  1 00:00:07 snickerdoodle kernel: [    0.578162] SCSI subsystem initialized
Jan  1 00:00:07 snickerdoodle kernel: [    0.584359] usbcore: registered new interface driver usbfs
Jan  1 00:00:07 snickerdoodle kernel: [    0.590231] usbcore: registered new interface driver hub
Jan  1 00:00:07 snickerdoodle kernel: [    0.595991] usbcore: registered new device driver usb
Jan  1 00:00:07 snickerdoodle kernel: [    0.602457] media: Linux media interface: v0.10
Jan  1 00:00:07 snickerdoodle kernel: [    0.607281] Linux video capture interface: v2.00
Jan  1 00:00:07 snickerdoodle kernel: [    0.612608] pps_core: LinuxPPS API ver. 1 registered
Jan  1 00:00:07 snickerdoodle kernel: [    0.617447] pps_core: Software ver. 5.3.6 - Copyright 2005-2007 Rodolfo Giometti <giometti@linux.it>
Jan  1 00:00:07 snickerdoodle kernel: [    0.627002] PTP clock support registered
Jan  1 00:00:07 snickerdoodle kernel: [    0.631878] EDAC MC: Ver: 3.0.0
Jan  1 00:00:07 snickerdoodle kernel: [    0.641997] Bluetooth: Core ver 2.18
Jan  1 00:00:07 snickerdoodle kernel: [    0.645864] NET: Registered protocol family 31
Jan  1 00:00:07 snickerdoodle kernel: [    0.650256] Bluetooth: HCI device and connection manager initialized
Jan  1 00:00:07 snickerdoodle kernel: [    0.656656] Bluetooth: HCI socket layer initialized
Jan  1 00:00:07 snickerdoodle kernel: [    0.661526] Bluetooth: L2CAP socket layer initialized
Jan  1 00:00:07 snickerdoodle kernel: [    0.666685] Bluetooth: SCO socket layer initialized
Jan  1 00:00:07 snickerdoodle kernel: [    0.673347] cfg80211: Calling CRDA to update world regulatory domain
Jan  1 00:00:07 snickerdoodle kernel: [    0.686351] DMA-API: preallocated 4096 debug entries
Jan  1 00:00:07 snickerdoodle kernel: [    0.691251] DMA-API: debugging enabled by kernel config
Jan  1 00:00:07 snickerdoodle kernel: [    0.696971] Switched to clocksource arm_global_timer
Jan  1 00:00:07 snickerdoodle kernel: [    0.759023] NET: Registered protocol family 2
Jan  1 00:00:07 snickerdoodle kernel: [    0.765625] TCP established hash table entries: 8192 (order: 3, 32768 bytes)
Jan  1 00:00:07 snickerdoodle kernel: [    0.772910] TCP bind hash table entries: 8192 (order: 6, 294912 bytes)
Jan  1 00:00:07 snickerdoodle kernel: [    0.783930] TCP: Hash tables configured (established 8192 bind 8192)
Jan  1 00:00:07 snickerdoodle kernel: [    0.790527] TCP: reno registered
Jan  1 00:00:07 snickerdoodle kernel: [    0.793665] UDP hash table entries: 512 (order: 3, 40960 bytes)
Jan  1 00:00:07 snickerdoodle kernel: [    0.800078] UDP-Lite hash table entries: 512 (order: 3, 40960 bytes)
Jan  1 00:00:07 snickerdoodle kernel: [    0.808016] NET: Registered protocol family 1
Jan  1 00:00:07 snickerdoodle kernel: [    0.813883] RPC: Registered named UNIX socket transport module.
Jan  1 00:00:07 snickerdoodle kernel: [    0.819761] RPC: Registered udp transport module.
Jan  1 00:00:07 snickerdoodle kernel: [    0.824398] RPC: Registered tcp transport module.
Jan  1 00:00:07 snickerdoodle kernel: [    0.829163] RPC: Registered tcp NFSv4.1 backchannel transport module.
Jan  1 00:00:07 snickerdoodle kernel: [    0.835584] PCI: CLS 0 bytes, default 64
Jan  1 00:00:07 snickerdoodle kernel: [    0.836883] hw perfevents: enabled with ARMv7 Cortex-A9 PMU driver, 7 counters available
Jan  1 00:00:07 snickerdoodle kernel: [    0.850857] futex hash table entries: 512 (order: 3, 32768 bytes)
Jan  1 00:00:07 snickerdoodle kernel: [    0.860787] bounce pool size: 64 pages
Jan  1 00:00:07 snickerdoodle kernel: [    0.868181] jffs2: version 2.2. (NAND) (SUMMARY)  © 2001-2006 Red Hat, Inc.
Jan  1 00:00:07 snickerdoodle kernel: [    0.875678] msgmni has been set to 1475
Jan  1 00:00:07 snickerdoodle kernel: [    0.882044] io scheduler noop registered
Jan  1 00:00:07 snickerdoodle kernel: [    0.885856] io scheduler deadline registered
Jan  1 00:00:07 snickerdoodle kernel: [    0.890322] io scheduler cfq registered (default)
Jan  1 00:00:07 snickerdoodle kernel: [    0.912856] dma-pl330 f8003000.ps7-dma: Loaded driver for PL330 DMAC-267056
Jan  1 00:00:07 snickerdoodle kernel: [    0.919745] dma-pl330 f8003000.ps7-dma: 	DBUFF-128x8bytes Num_Chans-8 Num_Peri-4 Num_Events-16
Jan  1 00:00:07 snickerdoodle kernel: [    0.931563] xuartps e0001000.serial: clock name 'aper_clk' is deprecated.
Jan  1 00:00:07 snickerdoodle kernel: [    0.938378] xuartps e0001000.serial: clock name 'ref_clk' is deprecated.
Jan  1 00:00:07 snickerdoodle kernel: [    0.945494] e0001000.serial: ttyPS0 at MMIO 0xe0001000 (irq = 82, base_baud = 3124999) is a xuartps
Jan  1 00:00:07 snickerdoodle kernel: [    0.954823] console [ttyPS0] enabled
Jan  1 00:00:07 snickerdoodle kernel: [    0.961941] bootconsole [earlycon0] disabled
Jan  1 00:00:07 snickerdoodle kernel: [    0.972659] xuartps e0000000.serial: clock name 'aper_clk' is deprecated.
Jan  1 00:00:07 snickerdoodle kernel: [    0.979490] xuartps e0000000.serial: clock name 'ref_clk' is deprecated.
Jan  1 00:00:07 snickerdoodle kernel: [    0.986248] e0000000.serial: ttyPS1 at MMIO 0xe0000000 (irq = 59, base_baud = 3124999) is a xuartps
Jan  1 00:00:07 snickerdoodle kernel: [    0.997202] xdevcfg f8007000.ps7-dev-cfg: ioremap 0xf8007000 to f0068000
Jan  1 00:00:07 snickerdoodle kernel: [    1.038411] brd: module loaded
Jan  1 00:00:07 snickerdoodle kernel: [    1.060612] loop: module loaded
Jan  1 00:00:07 snickerdoodle kernel: [    1.077086] m25p80 spi0.0: found s25fl128s1, expected n25q128
Jan  1 00:00:07 snickerdoodle kernel: [    1.082790] m25p80 spi0.0: s25fl128s1 (16384 Kbytes)
Jan  1 00:00:07 snickerdoodle kernel: [    1.088404] 5 ofpart partitions found on MTD device spi0.0
Jan  1 00:00:07 snickerdoodle kernel: [    1.093809] Creating 5 MTD partitions on "spi0.0":
Jan  1 00:00:07 snickerdoodle kernel: [    1.098935] 0x000000000000-0x000000100000 : "qspi-fsbl-uboot"
Jan  1 00:00:07 snickerdoodle kernel: [    1.112413] 0x000000100000-0x000000600000 : "qspi-linux"
Jan  1 00:00:07 snickerdoodle kernel: [    1.122597] 0x000000600000-0x000000620000 : "qspi-device-tree"
Jan  1 00:00:07 snickerdoodle kernel: [    1.133415] 0x000000620000-0x000000c00000 : "qspi-rootfs"
Jan  1 00:00:07 snickerdoodle kernel: [    1.143804] 0x000000c00000-0x000001000000 : "qspi-bitstream"
Jan  1 00:00:07 snickerdoodle kernel: [    1.163686] e1000e: Intel(R) PRO/1000 Network Driver - 2.3.2-k
Jan  1 00:00:07 snickerdoodle kernel: [    1.169534] e1000e: Copyright(c) 1999 - 2013 Intel Corporation.
Jan  1 00:00:07 snickerdoodle kernel: [    1.181280] libphy: XEMACPS mii bus: probed
Jan  1 00:00:07 snickerdoodle kernel: [    1.188064] xemacps e000b000.ps7-ethernet: pdev->id -1, baseaddr 0xe000b000, irq 54
Jan  1 00:00:07 snickerdoodle kernel: [    1.199457] ehci_hcd: USB 2.0 'Enhanced' Host Controller (EHCI) Driver
Jan  1 00:00:07 snickerdoodle kernel: [    1.206379] ehci-pci: EHCI PCI platform driver
Jan  1 00:00:07 snickerdoodle kernel: [    1.211704] ULPI transceiver vendor/product ID 0x0424/0x0007
Jan  1 00:00:07 snickerdoodle kernel: [    1.217343] Found SMSC USB3320 ULPI transceiver.
Jan  1 00:00:07 snickerdoodle kernel: [    1.221900] ULPI integrity check: passed.
Jan  1 00:00:07 snickerdoodle kernel: [    1.226742] zynq-ehci zynq-ehci.0: Xilinx Zynq USB EHCI Host Controller
Jan  1 00:00:07 snickerdoodle kernel: [    1.234312] zynq-ehci zynq-ehci.0: new USB bus registered, assigned bus number 1
Jan  1 00:00:07 snickerdoodle kernel: [    1.267090] zynq-ehci zynq-ehci.0: irq 53, io mem 0x00000000
Jan  1 00:00:07 snickerdoodle kernel: [    1.287058] zynq-ehci zynq-ehci.0: USB 2.0 started, EHCI 1.00
Jan  1 00:00:07 snickerdoodle kernel: [    1.299686] hub 1-0:1.0: USB hub found
Jan  1 00:00:07 snickerdoodle kernel: [    1.303668] hub 1-0:1.0: 1 port detected
Jan  1 00:00:07 snickerdoodle kernel: [    1.311689] usbcore: registered new interface driver usb-storage
Jan  1 00:00:07 snickerdoodle kernel: [    1.320563] mousedev: PS/2 mouse device common for all mice
Jan  1 00:00:07 snickerdoodle kernel: [    1.328207] i2c /dev entries driver
Jan  1 00:00:07 snickerdoodle kernel: [    1.341294] Bluetooth: HCI UART driver ver 2.2
Jan  1 00:00:07 snickerdoodle kernel: [    1.345661] Bluetooth: HCI H4 protocol initialized
Jan  1 00:00:07 snickerdoodle kernel: [    1.350498] Bluetooth: HCI BCSP protocol initialized
Jan  1 00:00:07 snickerdoodle kernel: [    1.355378] Bluetooth: HCILL protocol initialized
Jan  1 00:00:07 snickerdoodle kernel: [    1.360126] Bluetooth: HCIATH3K protocol initialized
Jan  1 00:00:07 snickerdoodle kernel: [    1.365013] Bluetooth: HCI Three-wire UART (H5) protocol initialized
Jan  1 00:00:07 snickerdoodle kernel: [    1.371572] zynq-edac f8006000.ps7-ddrc: ecc not enabled
Jan  1 00:00:07 snickerdoodle kernel: [    1.378014] cpufreq_cpu0: failed to get cpu0 regulator: -19
Jan  1 00:00:07 snickerdoodle kernel: [    1.386373] Xilinx Zynq CpuIdle Driver started
Jan  1 00:00:07 snickerdoodle kernel: [    1.392693] sdhci: Secure Digital Host Controller Interface driver
Jan  1 00:00:07 snickerdoodle kernel: [    1.398843] sdhci: Copyright(c) Pierre Ossman
Jan  1 00:00:07 snickerdoodle kernel: [    1.403135] sdhci-pltfm: SDHCI platform and OF driver helper
Jan  1 00:00:07 snickerdoodle kernel: [    1.409376] mmc0: no vqmmc regulator found
Jan  1 00:00:07 snickerdoodle kernel: [    1.413397] mmc0: no vmmc regulator found
Jan  1 00:00:07 snickerdoodle kernel: [    1.457008] mmc0: SDHCI controller on e0100000.ps7-sdio [e0100000.ps7-sdio] using ADMA
Jan  1 00:00:07 snickerdoodle kernel: [    1.470825] mmc1: no vqmmc regulator found
Jan  1 00:00:07 snickerdoodle kernel: [    1.517605] mmc0: new high speed SDHC card at address aaaa
Jan  1 00:00:07 snickerdoodle kernel: [    1.525783] mmcblk0: mmc0:aaaa SE16G 14.8 GiB 
Jan  1 00:00:07 snickerdoodle kernel: [    1.536064]  mmcblk0: p1 p2
Jan  1 00:00:07 snickerdoodle kernel: [    1.596988] mmc1: SDHCI controller on e0101000.ps7-sdio [e0101000.ps7-sdio] using ADMA
Jan  1 00:00:07 snickerdoodle kernel: [    1.611223] usbcore: registered new interface driver usbhid
Jan  1 00:00:07 snickerdoodle kernel: [    1.618858] usbhid: USB HID core driver
Jan  1 00:00:07 snickerdoodle kernel: [    1.622671] sdhci-arasan e0101000.ps7-sdio: card claims to support voltages below defined range
Jan  1 00:00:07 snickerdoodle kernel: [    1.631935] TCP: cubic registered
Jan  1 00:00:07 snickerdoodle kernel: [    1.635221] NET: Registered protocol family 17
Jan  1 00:00:07 snickerdoodle kernel: [    1.640133] Bluetooth: RFCOMM TTY layer initialized
Jan  1 00:00:07 snickerdoodle kernel: [    1.645001] Bluetooth: RFCOMM socket layer initialized
Jan  1 00:00:07 snickerdoodle kernel: [    1.650157] Bluetooth: RFCOMM ver 1.11
Jan  1 00:00:07 snickerdoodle kernel: [    1.653891] Bluetooth: BNEP (Ethernet Emulation) ver 1.3
Jan  1 00:00:07 snickerdoodle kernel: [    1.659197] Bluetooth: BNEP socket layer initialized
Jan  1 00:00:07 snickerdoodle kernel: [    1.664076] Bluetooth: HIDP (Human Interface Emulation) ver 1.2
Jan  1 00:00:07 snickerdoodle kernel: [    1.670044] Bluetooth: HIDP socket layer initialized
Jan  1 00:00:07 snickerdoodle kernel: [    1.674671] mmc1: queuing unknown CIS tuple 0x91 (3 bytes)
Jan  1 00:00:07 snickerdoodle kernel: [    1.680807] Registering SWP/SWPB emulation handler
Jan  1 00:00:07 snickerdoodle kernel: [    1.688260] regulator-dummy: disabling
Jan  1 00:00:07 snickerdoodle kernel: [    1.692830] drivers/rtc/hctosys.c: unable to open rtc device (rtc0)
Jan  1 00:00:07 snickerdoodle kernel: [    1.693998] mmc1: new SDIO card at address 0001
Jan  1 00:00:07 snickerdoodle kernel: [    1.709640] wl18xx_driver wl18xx.0.auto: Direct firmware load failed with error -2
Jan  1 00:00:07 snickerdoodle kernel: [    1.717411] wl18xx_driver wl18xx.0.auto: Falling back to user helper
Jan  1 00:00:07 snickerdoodle kernel: [    1.735383] EXT3-fs (mmcblk0p2): error: couldn't mount because of unsupported optional features (240)
Jan  1 00:00:07 snickerdoodle kernel: [    1.747590] EXT2-fs (mmcblk0p2): error: couldn't mount because of unsupported optional features (240)
Jan  1 00:00:07 snickerdoodle kernel: [    1.827146] EXT4-fs (mmcblk0p2): mounted filesystem with ordered data mode. Opts: (null)
Jan  1 00:00:07 snickerdoodle kernel: [    1.835290] VFS: Mounted root (ext4 filesystem) on device 179:2.
Jan  1 00:00:07 snickerdoodle kernel: [    1.845072] devtmpfs: mounted
Jan  1 00:00:07 snickerdoodle kernel: [    1.848514] Freeing unused kernel memory: 204K (c077d000 - c07b0000)
Jan  1 00:00:07 snickerdoodle kernel: [    2.325745] random: init urandom read with 31 bits of entropy available
Jan  1 00:00:07 snickerdoodle kernel: [    5.706215] wl18xx_driver wl18xx.0.auto: Direct firmware load failed with error -2
Jan  1 00:00:07 snickerdoodle kernel: [    5.706237] wl18xx_driver wl18xx.0.auto: Falling back to user helper
Jan  1 00:00:07 snickerdoodle kernel: [    5.801392] wlcore: ERROR could not get configuration binary ti-connectivity/wl18xx-conf.bin: -2
Jan  1 00:00:07 snickerdoodle kernel: [    5.833654] wlcore: WARNING falling back to default config
